#
# There is insufficient memory for the Java Runtime Environment to continue.
# Native memory allocation (malloc) failed to allocate 551640 bytes. Error detail: Chunk::new
# Possible reasons:
#   The system is out of physical RAM or swap space
#   This process is running with CompressedOops enabled, and the Java Heap may be blocking the growth of the native heap
# Possible solutions:
#   Reduce memory load on the system
#   Increase physical memory or swap space
#   Check if swap backing store is full
#   Decrease Java heap size (-Xmx/-Xms)
#   Decrease number of Java threads
#   Decrease Java thread stack sizes (-Xss)
#   Set larger code cache with -XX:ReservedCodeCacheSize=
#   JVM is running with Unscaled Compressed Oops mode in which the Java heap is
#     placed in the first 4GB address space. The Java Heap base address is the
#     maximum limit for the native heap growth. Please use -XX:HeapBaseMinAddress
#     to set the Java Heap base and to place the Java Heap above 4GB virtual address.
# This output file may be truncated or incomplete.
#
#  Out of Memory Error (arena.cpp:186), pid=16644, tid=35224
#
# JRE version: OpenJDK Runtime Environment (25.0.3) (build 25.0.3+-15898627-b508.16)
# Java VM: OpenJDK 64-Bit Server VM (25.0.3+-15898627-b508.16, mixed mode, tiered, compressed oops, compressed class ptrs, g1 gc, windows-amd64)
# No core dump will be written. Minidumps are not enabled by default on client versions of Windows
#

---------------  S U M M A R Y ------------

Command Line: -Djava.awt.headless=true -Djava.library.path=D:\Programs\Android Studio\jbr\bin;C:\WINDOWS\Sun\Java\bin;C:\WINDOWS\system32;C:\WINDOWS;C:\Python314\Scripts\;C:\Python314\;C:\Python313\Scripts\;C:\Python313\;C:\WINDOWS\system32;C:\WINDOWS;C:\WINDOWS\System32\Wbem;C:\WINDOWS\System32\WindowsPowerShell\v1.0\;C:\WINDOWS\System32\OpenSSH\;C:\MinGW\bin;C:\Program Files\NVIDIA Corporation\NVIDIA App\NvDLISR;C:\Program Files (x86)\NVIDIA Corporation\PhysX\Common;C:\Program Files\dotnet\;C:\Program Files\nodejs\;C:\Program Files (x86)\Windows Kits\10\Windows Performance Toolkit\;C:\Users\arkad\AppData\Local\UniGetUI\Chocolatey\bin;C:\Users\arkad\AppData\Local\Microsoft\WindowsApps;C:\Users\arkad\AppData\Local\GitHubDesktop\bin;C:\Users\arkad\AppData\Local\JetBrains\Toolbox\scripts;D:\Programs\Jetbrains\IntelliJ IDEA 2025.2\bin;D:\Programs\Jetbrains\CLion 2025.2\bin;D:\Programs\Jetbrains\PyCharm 2025.2\bin;C:\Users\arkad\AppData\Local\Programs\Microsoft VS Code\bin;C:\Exercism;C:\Users\arkad\AppData\Local\Programs\Hyper\resources\bin;C:\Users\arkad\Ap;C:\WINDOWS\system32;C:\WINDOWS;C:\WINDOWS\System32\Wbem;C:\WINDOWS\System32\WindowsPowerShell\v1.0\;C:\WINDOWS\System32\OpenSSH\;C:\Program Files\Git\cmd;C:\Program Files\Common Files\Oracle\Java\javapath;C:\Users\arkad\AppData\Roaming\npm;C:\Users\arkad\AppData\Local\Microsoft\WinGet\Packages\DenoLand.Deno_Microsoft.Winget.Source_8wekyb3d8bbwe;C:\Users\arkad\AppData\Local\Microsoft\WinGet\Packages\yt-dlp.FFmpeg_Microsoft.Winget.Source_8wekyb3d8bbwe\ffmpeg-N-121583-g4348bde2d2-win64-gpl/bin;D:\Code\flutter\binD:\Code\flutter\bin;C:\Users\arkad\AppData\Local\Microsoft\WinGet\Links;C:\Users\arkad\AppData\Local\Microsoft\WinGet\Packages\ch.LosslessCut_Microsoft.Winget.Source_8wekyb3d8bbwe;C:\program files (x86)\steam\ext\bin;C:\Users\arkad\AppData\Local\PowerToys\DSCModules\;C:\Users\arkad\AppData\Local\PowerToys\bin\;.;D:\SIH2026_1\app\src\testDebug\jniLibs;D:\SIH2026_1\app\src\test\jniLibs -Dorg.gradle.internal.worker.tmpdir=D:\SIH2026_1\app\build\tmp\testDebugUnitTest\work --add-opens=java.base/java.io=ALL-UNNAMED -Xmx512m -Dfile.encoding=UTF-8 -Duser.country=IN -Duser.language=en -Duser.variant -ea worker.org.gradle.process.internal.worker.GradleWorkerMain 'Gradle Test Executor 4'

Host: AMD Ryzen 7 7735HS with Radeon Graphics        , 16 cores, 15G,  Windows 11 , 64 bit Build 28000 (10.0.28000.3002)
Time: Mon Sep 14 00:04:35 2026 India Standard Time elapsed time: 0.553310 seconds (0d 0h 0m 0s)

---------------  T H R E A D  ---------------

Current thread (0x0000008013630470):  JavaThread "C2 CompilerThread1" daemon [_thread_in_native, id=35224, stack(0x0000008018200000,0x0000008018300000) (1024K)]


Current CompileTask:
C2:553  554       4       java.lang.StringLatin1::lastIndexOf (40 bytes)

Stack: [0x0000008018200000,0x0000008018300000]
Native frames: (J=compiled Java code, j=interpreted, Vv=VM code, C=native code)
V  [jvm.dll+0x7bf039]  (no source info available)
V  [jvm.dll+0x78912d]  (no source info available)
V  [jvm.dll+0xa0e615]  (no source info available)
V  [jvm.dll+0xa10c94]  (no source info available)
V  [jvm.dll+0xa11393]  (no source info available)
V  [jvm.dll+0x30a116]  (no source info available)
V  [jvm.dll+0x10eda9]  (no source info available)
V  [jvm.dll+0x10f0d2]  (no source info available)
V  [jvm.dll+0x1a9b77]  (no source info available)
V  [jvm.dll+0x3bf612]  (no source info available)
V  [jvm.dll+0x7c48b7]  (no source info available)
V  [jvm.dll+0x2ce466]  (no source info available)
V  [jvm.dll+0x2cd641]  (no source info available)
V  [jvm.dll+0x24334a]  (no source info available)
V  [jvm.dll+0x2dd025]  (no source info available)
V  [jvm.dll+0x2db226]  (no source info available)
V  [jvm.dll+0x49c12e]  (no source info available)
V  [jvm.dll+0x9ad738]  (no source info available)
V  [jvm.dll+0x7bd585]  (no source info available)
C  [ucrtbase.dll+0x47730]  (no source info available)
C  [KERNEL32.DLL+0x313e3]  (no source info available)
C  [ntdll.dll+0x9b70]  (no source info available)

Lock stack of current Java thread (top to bottom):


---------------  P R O C E S S  ---------------

Threads class SMR info:
_java_thread_list=0x0000008018921d40, length=16, elements={
0x000000800055af70, 0x0000008012d73b60, 0x0000008012d745c0, 0x00000080132b0080,
0x0000008012d9ad40, 0x0000008012d9b500, 0x0000008012d9d250, 0x0000008012d924a0,
0x00000080132b53c0, 0x00000080132bab90, 0x000000801343ea90, 0x00000080134412b0,
0x0000008013450f50, 0x0000008013630470, 0x000000801840f800, 0x0000008018921e00
}

Java Threads: ( => current thread )
  0x000000800055af70 JavaThread "main"                              [_thread_in_native, id=18052, stack(0x0000008000ab0000,0x0000008000bb0000) (1024K)]
  0x0000008012d73b60 JavaThread "Common-Cleaner"             daemon [_thread_blocked, id=33276, stack(0x00000080131a0000,0x00000080132a0000) (1024K)]
  0x0000008012d745c0 JavaThread "Reference Handler"          daemon [_thread_blocked, id=6236, stack(0x00000080136a0000,0x00000080137a0000) (1024K)]
  0x00000080132b0080 JavaThread "Finalizer"                  daemon [_thread_blocked, id=17336, stack(0x00000080137a0000,0x00000080138a0000) (1024K)]
  0x0000008012d9ad40 JavaThread "Signal Dispatcher"          daemon [_thread_blocked, id=33800, stack(0x00000080138a0000,0x00000080139a0000) (1024K)]
  0x0000008012d9b500 JavaThread "Attach Listener"            daemon [_thread_blocked, id=3604, stack(0x00000080139a0000,0x0000008013aa0000) (1024K)]
  0x0000008012d9d250 JavaThread "Service Thread"             daemon [_thread_blocked, id=26996, stack(0x0000008013aa0000,0x0000008013ba0000) (1024K)]
  0x0000008012d924a0 JavaThread "Monitor Deflation Thread"   daemon [_thread_blocked, id=26448, stack(0x0000008013ba0000,0x0000008013ca0000) (1024K)]
  0x00000080132b53c0 JavaThread "C2 CompilerThread0"         daemon [_thread_in_native, id=37232, stack(0x0000008013ca0000,0x0000008013da0000) (1024K)]
  0x00000080132bab90 JavaThread "C1 CompilerThread0"         daemon [_thread_blocked, id=7280, stack(0x0000008013da0000,0x0000008013ea0000) (1024K)]
  0x000000801343ea90 JavaThread "C1 CompilerThread1"         daemon [_thread_blocked, id=29008, stack(0x0000008013ea0000,0x0000008013fa0000) (1024K)]
  0x00000080134412b0 JavaThread "C1 CompilerThread2"         daemon [_thread_in_native, id=31048, stack(0x0000008018000000,0x0000008018100000) (1024K)]
  0x0000008013450f50 JavaThread "Notification Thread"        daemon [_thread_blocked, id=12192, stack(0x0000008018100000,0x0000008018200000) (1024K)]
=>0x0000008013630470 JavaThread "C2 CompilerThread1"         daemon [_thread_in_native, id=35224, stack(0x0000008018200000,0x0000008018300000) (1024K)]
  0x000000801840f800 JavaThread "C1 CompilerThread3"         daemon [_thread_blocked, id=36144, stack(0x0000008018b00000,0x0000008018c00000) (1024K)]
  0x0000008018921e00 JavaThread "C2 CompilerThread2"         daemon [_thread_in_native, id=6168, stack(0x000000801aba0000,0x000000801aca0000) (1024K)]
Total: 16

Other Threads:
  0x0000008012d4cdd0 VMThread "VM Thread"                           [id=30428, stack(0x00000080130a0000,0x00000080131a0000) (1024K)]
  0x0000008012d0c690 WatcherThread "VM Periodic Task Thread"        [id=35056, stack(0x0000008012fa0000,0x00000080130a0000) (1024K)]
  0x0000008000c5f2c0 WorkerThread "GC Thread#0"                     [id=31728, stack(0x00000080108a0000,0x00000080109a0000) (1024K)]
  0x0000008000c66390 ConcurrentGCThread "G1 Main Marker"            [id=9644, stack(0x00000080109a0000,0x0000008010aa0000) (1024K)]
  0x0000008000c68900 WorkerThread "G1 Conc#0"                       [id=10336, stack(0x0000008010aa0000,0x0000008010ba0000) (1024K)]
  0x0000008012bdc4a0 ConcurrentGCThread "G1 Refine#0"               [id=32328, stack(0x0000008012da0000,0x0000008012ea0000) (1024K)]
  0x0000008012be0bc0 ConcurrentGCThread "G1 Service"                [id=18768, stack(0x0000008012ea0000,0x0000008012fa0000) (1024K)]
Total: 7

Threads with active compile tasks:
C2 CompilerThread0  711  556       4       java.lang.StringLatin1::equals (36 bytes)
C1 CompilerThread2  711  590       3       jdk.internal.classfile.impl.StackMapGenerator::processBlock (2767 bytes)
C2 CompilerThread1  711  554       4       java.lang.StringLatin1::lastIndexOf (40 bytes)
C2 CompilerThread2  711  648       4       worker.org.gradle.internal.stream.EncodedStream$EncodedInput::read (48 bytes)
Total: 4

VM state: not at safepoint (normal execution)

VM Mutex/Monitor currently owned by a thread: None

Heap address: 0x00000000e0000000, size: 512 MB, Compressed Oops mode: 32-bit

CDS archive(s) not mapped
Compressed class space mapped at: 0x0000000095000000-0x00000000d5000000, reserved size: 1073741824
UseCompressedClassPointers 1, UseCompactObjectHeaders 0
Narrow klass pointer bits 32, Max shift 3
Narrow klass base: 0x0000000000000000, Narrow klass shift: 0
Encoding Range: [0x0000000000000000 - 0x0000000100000000), (4294967296 bytes)
Klass Range:    [0x0000000095000000 - 0x00000000d5000000), (1073741824 bytes)
Klass ID Range:  [2499805184 - 3573547001) (1073741817)
No protection zone.

GC Precious Log:
 CardTable entry size: 512
 Card Set container configuration: InlinePtr #cards 5 size 8 Array Of Cards #cards 10 size 36 Howl #buckets 4 coarsen threshold 1843 Howl Bitmap #cards 512 size 80 coarsen threshold 460 Card regions per heap region 1 cards per card region 2048
 CPUs: 16 total, 16 available
 Memory: 15610M
 Large Page Support: Disabled
 NUMA Support: Disabled
 Compressed Oops: Enabled (32-bit)
 Heap Region Size: 1M
 Heap Min Capacity: 8M
 Heap Initial Capacity: 244M
 Heap Max Capacity: 512M
 Pre-touch: Disabled
 Parallel Workers: 13
 Concurrent Workers: 3
 Concurrent Refinement Workers: 13
 Periodic GC: Disabled

Heap:
 garbage-first heap   total reserved 524288K, committed 249856K, used 8192K [0x00000000e0000000, 0x0000000100000000)
  region size 1024K, 9 young (9216K), 0 survivors (0K)

Heap Regions: E=young(eden), S=young(survivor), O=old, HS=humongous(starts), HC=humongous(continues), CS=collection set, F=free, TAMS=top-at-mark-start, PB=parsable bottom
|   0|0x00000000e0000000, 0x00000000e0000000, 0x00000000e0100000|  0%| F|  |TAMS 0x00000000e0000000| PB 0x00000000e0000000| Untracked |  0
|   1|0x00000000e0100000, 0x00000000e0100000, 0x00000000e0200000|  0%| F|  |TAMS 0x00000000e0100000| PB 0x00000000e0100000| Untracked |  0
|   2|0x00000000e0200000, 0x00000000e0200000, 0x00000000e0300000|  0%| F|  |TAMS 0x00000000e0200000| PB 0x00000000e0200000| Untracked |  0
|   3|0x00000000e0300000, 0x00000000e0300000, 0x00000000e0400000|  0%| F|  |TAMS 0x00000000e0300000| PB 0x00000000e0300000| Untracked |  0
|   4|0x00000000e0400000, 0x00000000e0400000, 0x00000000e0500000|  0%| F|  |TAMS 0x00000000e0400000| PB 0x00000000e0400000| Untracked |  0
|   5|0x00000000e0500000, 0x00000000e0500000, 0x00000000e0600000|  0%| F|  |TAMS 0x00000000e0500000| PB 0x00000000e0500000| Untracked |  0
|   6|0x00000000e0600000, 0x00000000e0600000, 0x00000000e0700000|  0%| F|  |TAMS 0x00000000e0600000| PB 0x00000000e0600000| Untracked |  0
|   7|0x00000000e0700000, 0x00000000e0700000, 0x00000000e0800000|  0%| F|  |TAMS 0x00000000e0700000| PB 0x00000000e0700000| Untracked |  0
|   8|0x00000000e0800000, 0x00000000e0800000, 0x00000000e0900000|  0%| F|  |TAMS 0x00000000e0800000| PB 0x00000000e0800000| Untracked |  0
|   9|0x00000000e0900000, 0x00000000e0900000, 0x00000000e0a00000|  0%| F|  |TAMS 0x00000000e0900000| PB 0x00000000e0900000| Untracked |  0
|  10|0x00000000e0a00000, 0x00000000e0a00000, 0x00000000e0b00000|  0%| F|  |TAMS 0x00000000e0a00000| PB 0x00000000e0a00000| Untracked |  0
|  11|0x00000000e0b00000, 0x00000000e0b00000, 0x00000000e0c00000|  0%| F|  |TAMS 0x00000000e0b00000| PB 0x00000000e0b00000| Untracked |  0
|  12|0x00000000e0c00000, 0x00000000e0c00000, 0x00000000e0d00000|  0%| F|  |TAMS 0x00000000e0c00000| PB 0x00000000e0c00000| Untracked |  0
|  13|0x00000000e0d00000, 0x00000000e0d00000, 0x00000000e0e00000|  0%| F|  |TAMS 0x00000000e0d00000| PB 0x00000000e0d00000| Untracked |  0
|  14|0x00000000e0e00000, 0x00000000e0e00000, 0x00000000e0f00000|  0%| F|  |TAMS 0x00000000e0e00000| PB 0x00000000e0e00000| Untracked |  0
|  15|0x00000000e0f00000, 0x00000000e0f00000, 0x00000000e1000000|  0%| F|  |TAMS 0x00000000e0f00000| PB 0x00000000e0f00000| Untracked |  0
|  16|0x00000000e1000000, 0x00000000e1000000, 0x00000000e1100000|  0%| F|  |TAMS 0x00000000e1000000| PB 0x00000000e1000000| Untracked |  0
|  17|0x00000000e1100000, 0x00000000e1100000, 0x00000000e1200000|  0%| F|  |TAMS 0x00000000e1100000| PB 0x00000000e1100000| Untracked |  0
|  18|0x00000000e1200000, 0x00000000e1200000, 0x00000000e1300000|  0%| F|  |TAMS 0x00000000e1200000| PB 0x00000000e1200000| Untracked |  0
|  19|0x00000000e1300000, 0x00000000e1300000, 0x00000000e1400000|  0%| F|  |TAMS 0x00000000e1300000| PB 0x00000000e1300000| Untracked |  0
|  20|0x00000000e1400000, 0x00000000e1400000, 0x00000000e1500000|  0%| F|  |TAMS 0x00000000e1400000| PB 0x00000000e1400000| Untracked |  0
|  21|0x00000000e1500000, 0x00000000e1500000, 0x00000000e1600000|  0%| F|  |TAMS 0x00000000e1500000| PB 0x00000000e1500000| Untracked |  0
|  22|0x00000000e1600000, 0x00000000e1600000, 0x00000000e1700000|  0%| F|  |TAMS 0x00000000e1600000| PB 0x00000000e1600000| Untracked |  0
|  23|0x00000000e1700000, 0x00000000e1700000, 0x00000000e1800000|  0%| F|  |TAMS 0x00000000e1700000| PB 0x00000000e1700000| Untracked |  0
|  24|0x00000000e1800000, 0x00000000e1800000, 0x00000000e1900000|  0%| F|  |TAMS 0x00000000e1800000| PB 0x00000000e1800000| Untracked |  0
|  25|0x00000000e1900000, 0x00000000e1900000, 0x00000000e1a00000|  0%| F|  |TAMS 0x00000000e1900000| PB 0x00000000e1900000| Untracked |  0
|  26|0x00000000e1a00000, 0x00000000e1a00000, 0x00000000e1b00000|  0%| F|  |TAMS 0x00000000e1a00000| PB 0x00000000e1a00000| Untracked |  0
|  27|0x00000000e1b00000, 0x00000000e1b00000, 0x00000000e1c00000|  0%| F|  |TAMS 0x00000000e1b00000| PB 0x00000000e1b00000| Untracked |  0
|  28|0x00000000e1c00000, 0x00000000e1c00000, 0x00000000e1d00000|  0%| F|  |TAMS 0x00000000e1c00000| PB 0x00000000e1c00000| Untracked |  0
|  29|0x00000000e1d00000, 0x00000000e1d00000, 0x00000000e1e00000|  0%| F|  |TAMS 0x00000000e1d00000| PB 0x00000000e1d00000| Untracked |  0
|  30|0x00000000e1e00000, 0x00000000e1e00000, 0x00000000e1f00000|  0%| F|  |TAMS 0x00000000e1e00000| PB 0x00000000e1e00000| Untracked |  0
|  31|0x00000000e1f00000, 0x00000000e1f00000, 0x00000000e2000000|  0%| F|  |TAMS 0x00000000e1f00000| PB 0x00000000e1f00000| Untracked |  0
|  32|0x00000000e2000000, 0x00000000e2000000, 0x00000000e2100000|  0%| F|  |TAMS 0x00000000e2000000| PB 0x00000000e2000000| Untracked |  0
|  33|0x00000000e2100000, 0x00000000e2100000, 0x00000000e2200000|  0%| F|  |TAMS 0x00000000e2100000| PB 0x00000000e2100000| Untracked |  0
|  34|0x00000000e2200000, 0x00000000e2200000, 0x00000000e2300000|  0%| F|  |TAMS 0x00000000e2200000| PB 0x00000000e2200000| Untracked |  0
|  35|0x00000000e2300000, 0x00000000e2300000, 0x00000000e2400000|  0%| F|  |TAMS 0x00000000e2300000| PB 0x00000000e2300000| Untracked |  0
|  36|0x00000000e2400000, 0x00000000e2400000, 0x00000000e2500000|  0%| F|  |TAMS 0x00000000e2400000| PB 0x00000000e2400000| Untracked |  0
|  37|0x00000000e2500000, 0x00000000e2500000, 0x00000000e2600000|  0%| F|  |TAMS 0x00000000e2500000| PB 0x00000000e2500000| Untracked |  0
|  38|0x00000000e2600000, 0x00000000e2600000, 0x00000000e2700000|  0%| F|  |TAMS 0x00000000e2600000| PB 0x00000000e2600000| Untracked |  0
|  39|0x00000000e2700000, 0x00000000e2700000, 0x00000000e2800000|  0%| F|  |TAMS 0x00000000e2700000| PB 0x00000000e2700000| Untracked |  0
|  40|0x00000000e2800000, 0x00000000e2800000, 0x00000000e2900000|  0%| F|  |TAMS 0x00000000e2800000| PB 0x00000000e2800000| Untracked |  0
|  41|0x00000000e2900000, 0x00000000e2900000, 0x00000000e2a00000|  0%| F|  |TAMS 0x00000000e2900000| PB 0x00000000e2900000| Untracked |  0
|  42|0x00000000e2a00000, 0x00000000e2a00000, 0x00000000e2b00000|  0%| F|  |TAMS 0x00000000e2a00000| PB 0x00000000e2a00000| Untracked |  0
|  43|0x00000000e2b00000, 0x00000000e2b00000, 0x00000000e2c00000|  0%| F|  |TAMS 0x00000000e2b00000| PB 0x00000000e2b00000| Untracked |  0
|  44|0x00000000e2c00000, 0x00000000e2c00000, 0x00000000e2d00000|  0%| F|  |TAMS 0x00000000e2c00000| PB 0x00000000e2c00000| Untracked |  0
|  45|0x00000000e2d00000, 0x00000000e2d00000, 0x00000000e2e00000|  0%| F|  |TAMS 0x00000000e2d00000| PB 0x00000000e2d00000| Untracked |  0
|  46|0x00000000e2e00000, 0x00000000e2e00000, 0x00000000e2f00000|  0%| F|  |TAMS 0x00000000e2e00000| PB 0x00000000e2e00000| Untracked |  0
|  47|0x00000000e2f00000, 0x00000000e2f00000, 0x00000000e3000000|  0%| F|  |TAMS 0x00000000e2f00000| PB 0x00000000e2f00000| Untracked |  0
|  48|0x00000000e3000000, 0x00000000e3000000, 0x00000000e3100000|  0%| F|  |TAMS 0x00000000e3000000| PB 0x00000000e3000000| Untracked |  0
|  49|0x00000000e3100000, 0x00000000e3100000, 0x00000000e3200000|  0%| F|  |TAMS 0x00000000e3100000| PB 0x00000000e3100000| Untracked |  0
|  50|0x00000000e3200000, 0x00000000e3200000, 0x00000000e3300000|  0%| F|  |TAMS 0x00000000e3200000| PB 0x00000000e3200000| Untracked |  0
|  51|0x00000000e3300000, 0x00000000e3300000, 0x00000000e3400000|  0%| F|  |TAMS 0x00000000e3300000| PB 0x00000000e3300000| Untracked |  0
|  52|0x00000000e3400000, 0x00000000e3400000, 0x00000000e3500000|  0%| F|  |TAMS 0x00000000e3400000| PB 0x00000000e3400000| Untracked |  0
|  53|0x00000000e3500000, 0x00000000e3500000, 0x00000000e3600000|  0%| F|  |TAMS 0x00000000e3500000| PB 0x00000000e3500000| Untracked |  0
|  54|0x00000000e3600000, 0x00000000e3600000, 0x00000000e3700000|  0%| F|  |TAMS 0x00000000e3600000| PB 0x00000000e3600000| Untracked |  0
|  55|0x00000000e3700000, 0x00000000e3700000, 0x00000000e3800000|  0%| F|  |TAMS 0x00000000e3700000| PB 0x00000000e3700000| Untracked |  0
|  56|0x00000000e3800000, 0x00000000e3800000, 0x00000000e3900000|  0%| F|  |TAMS 0x00000000e3800000| PB 0x00000000e3800000| Untracked |  0
|  57|0x00000000e3900000, 0x00000000e3900000, 0x00000000e3a00000|  0%| F|  |TAMS 0x00000000e3900000| PB 0x00000000e3900000| Untracked |  0
|  58|0x00000000e3a00000, 0x00000000e3a00000, 0x00000000e3b00000|  0%| F|  |TAMS 0x00000000e3a00000| PB 0x00000000e3a00000| Untracked |  0
|  59|0x00000000e3b00000, 0x00000000e3b00000, 0x00000000e3c00000|  0%| F|  |TAMS 0x00000000e3b00000| PB 0x00000000e3b00000| Untracked |  0
|  60|0x00000000e3c00000, 0x00000000e3c00000, 0x00000000e3d00000|  0%| F|  |TAMS 0x00000000e3c00000| PB 0x00000000e3c00000| Untracked |  0
|  61|0x00000000e3d00000, 0x00000000e3d00000, 0x00000000e3e00000|  0%| F|  |TAMS 0x00000000e3d00000| PB 0x00000000e3d00000| Untracked |  0
|  62|0x00000000e3e00000, 0x00000000e3e00000, 0x00000000e3f00000|  0%| F|  |TAMS 0x00000000e3e00000| PB 0x00000000e3e00000| Untracked |  0
|  63|0x00000000e3f00000, 0x00000000e3f00000, 0x00000000e4000000|  0%| F|  |TAMS 0x00000000e3f00000| PB 0x00000000e3f00000| Untracked |  0
|  64|0x00000000e4000000, 0x00000000e4000000, 0x00000000e4100000|  0%| F|  |TAMS 0x00000000e4000000| PB 0x00000000e4000000| Untracked |  0
|  65|0x00000000e4100000, 0x00000000e4100000, 0x00000000e4200000|  0%| F|  |TAMS 0x00000000e4100000| PB 0x00000000e4100000| Untracked |  0
|  66|0x00000000e4200000, 0x00000000e4200000, 0x00000000e4300000|  0%| F|  |TAMS 0x00000000e4200000| PB 0x00000000e4200000| Untracked |  0
|  67|0x00000000e4300000, 0x00000000e4300000, 0x00000000e4400000|  0%| F|  |TAMS 0x00000000e4300000| PB 0x00000000e4300000| Untracked |  0
|  68|0x00000000e4400000, 0x00000000e4400000, 0x00000000e4500000|  0%| F|  |TAMS 0x00000000e4400000| PB 0x00000000e4400000| Untracked |  0
|  69|0x00000000e4500000, 0x00000000e4500000, 0x00000000e4600000|  0%| F|  |TAMS 0x00000000e4500000| PB 0x00000000e4500000| Untracked |  0
|  70|0x00000000e4600000, 0x00000000e4600000, 0x00000000e4700000|  0%| F|  |TAMS 0x00000000e4600000| PB 0x00000000e4600000| Untracked |  0
|  71|0x00000000e4700000, 0x00000000e4700000, 0x00000000e4800000|  0%| F|  |TAMS 0x00000000e4700000| PB 0x00000000e4700000| Untracked |  0
|  72|0x00000000e4800000, 0x00000000e4800000, 0x00000000e4900000|  0%| F|  |TAMS 0x00000000e4800000| PB 0x00000000e4800000| Untracked |  0
|  73|0x00000000e4900000, 0x00000000e4900000, 0x00000000e4a00000|  0%| F|  |TAMS 0x00000000e4900000| PB 0x00000000e4900000| Untracked |  0
|  74|0x00000000e4a00000, 0x00000000e4a00000, 0x00000000e4b00000|  0%| F|  |TAMS 0x00000000e4a00000| PB 0x00000000e4a00000| Untracked |  0
|  75|0x00000000e4b00000, 0x00000000e4b00000, 0x00000000e4c00000|  0%| F|  |TAMS 0x00000000e4b00000| PB 0x00000000e4b00000| Untracked |  0
|  76|0x00000000e4c00000, 0x00000000e4c00000, 0x00000000e4d00000|  0%| F|  |TAMS 0x00000000e4c00000| PB 0x00000000e4c00000| Untracked |  0
|  77|0x00000000e4d00000, 0x00000000e4d00000, 0x00000000e4e00000|  0%| F|  |TAMS 0x00000000e4d00000| PB 0x00000000e4d00000| Untracked |  0
|  78|0x00000000e4e00000, 0x00000000e4e00000, 0x00000000e4f00000|  0%| F|  |TAMS 0x00000000e4e00000| PB 0x00000000e4e00000| Untracked |  0
|  79|0x00000000e4f00000, 0x00000000e4f00000, 0x00000000e5000000|  0%| F|  |TAMS 0x00000000e4f00000| PB 0x00000000e4f00000| Untracked |  0
|  80|0x00000000e5000000, 0x00000000e5000000, 0x00000000e5100000|  0%| F|  |TAMS 0x00000000e5000000| PB 0x00000000e5000000| Untracked |  0
|  81|0x00000000e5100000, 0x00000000e5100000, 0x00000000e5200000|  0%| F|  |TAMS 0x00000000e5100000| PB 0x00000000e5100000| Untracked |  0
|  82|0x00000000e5200000, 0x00000000e5200000, 0x00000000e5300000|  0%| F|  |TAMS 0x00000000e5200000| PB 0x00000000e5200000| Untracked |  0
|  83|0x00000000e5300000, 0x00000000e5300000, 0x00000000e5400000|  0%| F|  |TAMS 0x00000000e5300000| PB 0x00000000e5300000| Untracked |  0
|  84|0x00000000e5400000, 0x00000000e5400000, 0x00000000e5500000|  0%| F|  |TAMS 0x00000000e5400000| PB 0x00000000e5400000| Untracked |  0
|  85|0x00000000e5500000, 0x00000000e5500000, 0x00000000e5600000|  0%| F|  |TAMS 0x00000000e5500000| PB 0x00000000e5500000| Untracked |  0
|  86|0x00000000e5600000, 0x00000000e5600000, 0x00000000e5700000|  0%| F|  |TAMS 0x00000000e5600000| PB 0x00000000e5600000| Untracked |  0
|  87|0x00000000e5700000, 0x00000000e5700000, 0x00000000e5800000|  0%| F|  |TAMS 0x00000000e5700000| PB 0x00000000e5700000| Untracked |  0
|  88|0x00000000e5800000, 0x00000000e5800000, 0x00000000e5900000|  0%| F|  |TAMS 0x00000000e5800000| PB 0x00000000e5800000| Untracked |  0
|  89|0x00000000e5900000, 0x00000000e5900000, 0x00000000e5a00000|  0%| F|  |TAMS 0x00000000e5900000| PB 0x00000000e5900000| Untracked |  0
|  90|0x00000000e5a00000, 0x00000000e5a00000, 0x00000000e5b00000|  0%| F|  |TAMS 0x00000000e5a00000| PB 0x00000000e5a00000| Untracked |  0
|  91|0x00000000e5b00000, 0x00000000e5b00000, 0x00000000e5c00000|  0%| F|  |TAMS 0x00000000e5b00000| PB 0x00000000e5b00000| Untracked |  0
|  92|0x00000000e5c00000, 0x00000000e5c00000, 0x00000000e5d00000|  0%| F|  |TAMS 0x00000000e5c00000| PB 0x00000000e5c00000| Untracked |  0
|  93|0x00000000e5d00000, 0x00000000e5d00000, 0x00000000e5e00000|  0%| F|  |TAMS 0x00000000e5d00000| PB 0x00000000e5d00000| Untracked |  0
|  94|0x00000000e5e00000, 0x00000000e5e00000, 0x00000000e5f00000|  0%| F|  |TAMS 0x00000000e5e00000| PB 0x00000000e5e00000| Untracked |  0
|  95|0x00000000e5f00000, 0x00000000e5f00000, 0x00000000e6000000|  0%| F|  |TAMS 0x00000000e5f00000| PB 0x00000000e5f00000| Untracked |  0
|  96|0x00000000e6000000, 0x00000000e6000000, 0x00000000e6100000|  0%| F|  |TAMS 0x00000000e6000000| PB 0x00000000e6000000| Untracked |  0
|  97|0x00000000e6100000, 0x00000000e6100000, 0x00000000e6200000|  0%| F|  |TAMS 0x00000000e6100000| PB 0x00000000e6100000| Untracked |  0
|  98|0x00000000e6200000, 0x00000000e6200000, 0x00000000e6300000|  0%| F|  |TAMS 0x00000000e6200000| PB 0x00000000e6200000| Untracked |  0
|  99|0x00000000e6300000, 0x00000000e6300000, 0x00000000e6400000|  0%| F|  |TAMS 0x00000000e6300000| PB 0x00000000e6300000| Untracked |  0
| 100|0x00000000e6400000, 0x00000000e6400000, 0x00000000e6500000|  0%| F|  |TAMS 0x00000000e6400000| PB 0x00000000e6400000| Untracked |  0
| 101|0x00000000e6500000, 0x00000000e6500000, 0x00000000e6600000|  0%| F|  |TAMS 0x00000000e6500000| PB 0x00000000e6500000| Untracked |  0
| 102|0x00000000e6600000, 0x00000000e6600000, 0x00000000e6700000|  0%| F|  |TAMS 0x00000000e6600000| PB 0x00000000e6600000| Untracked |  0
| 103|0x00000000e6700000, 0x00000000e6700000, 0x00000000e6800000|  0%| F|  |TAMS 0x00000000e6700000| PB 0x00000000e6700000| Untracked |  0
| 104|0x00000000e6800000, 0x00000000e6800000, 0x00000000e6900000|  0%| F|  |TAMS 0x00000000e6800000| PB 0x00000000e6800000| Untracked |  0
| 105|0x00000000e6900000, 0x00000000e6900000, 0x00000000e6a00000|  0%| F|  |TAMS 0x00000000e6900000| PB 0x00000000e6900000| Untracked |  0
| 106|0x00000000e6a00000, 0x00000000e6a00000, 0x00000000e6b00000|  0%| F|  |TAMS 0x00000000e6a00000| PB 0x00000000e6a00000| Untracked |  0
| 107|0x00000000e6b00000, 0x00000000e6b00000, 0x00000000e6c00000|  0%| F|  |TAMS 0x00000000e6b00000| PB 0x00000000e6b00000| Untracked |  0
| 108|0x00000000e6c00000, 0x00000000e6c00000, 0x00000000e6d00000|  0%| F|  |TAMS 0x00000000e6c00000| PB 0x00000000e6c00000| Untracked |  0
| 109|0x00000000e6d00000, 0x00000000e6d00000, 0x00000000e6e00000|  0%| F|  |TAMS 0x00000000e6d00000| PB 0x00000000e6d00000| Untracked |  0
| 110|0x00000000e6e00000, 0x00000000e6e00000, 0x00000000e6f00000|  0%| F|  |TAMS 0x00000000e6e00000| PB 0x00000000e6e00000| Untracked |  0
| 111|0x00000000e6f00000, 0x00000000e6f00000, 0x00000000e7000000|  0%| F|  |TAMS 0x00000000e6f00000| PB 0x00000000e6f00000| Untracked |  0
| 112|0x00000000e7000000, 0x00000000e7000000, 0x00000000e7100000|  0%| F|  |TAMS 0x00000000e7000000| PB 0x00000000e7000000| Untracked |  0
| 113|0x00000000e7100000, 0x00000000e7100000, 0x00000000e7200000|  0%| F|  |TAMS 0x00000000e7100000| PB 0x00000000e7100000| Untracked |  0
| 114|0x00000000e7200000, 0x00000000e7200000, 0x00000000e7300000|  0%| F|  |TAMS 0x00000000e7200000| PB 0x00000000e7200000| Untracked |  0
| 115|0x00000000e7300000, 0x00000000e7300000, 0x00000000e7400000|  0%| F|  |TAMS 0x00000000e7300000| PB 0x00000000e7300000| Untracked |  0
| 116|0x00000000e7400000, 0x00000000e7400000, 0x00000000e7500000|  0%| F|  |TAMS 0x00000000e7400000| PB 0x00000000e7400000| Untracked |  0
| 117|0x00000000e7500000, 0x00000000e7500000, 0x00000000e7600000|  0%| F|  |TAMS 0x00000000e7500000| PB 0x00000000e7500000| Untracked |  0
| 118|0x00000000e7600000, 0x00000000e7600000, 0x00000000e7700000|  0%| F|  |TAMS 0x00000000e7600000| PB 0x00000000e7600000| Untracked |  0
| 119|0x00000000e7700000, 0x00000000e7700000, 0x00000000e7800000|  0%| F|  |TAMS 0x00000000e7700000| PB 0x00000000e7700000| Untracked |  0
| 120|0x00000000e7800000, 0x00000000e7800000, 0x00000000e7900000|  0%| F|  |TAMS 0x00000000e7800000| PB 0x00000000e7800000| Untracked |  0
| 121|0x00000000e7900000, 0x00000000e7900000, 0x00000000e7a00000|  0%| F|  |TAMS 0x00000000e7900000| PB 0x00000000e7900000| Untracked |  0
| 122|0x00000000e7a00000, 0x00000000e7a00000, 0x00000000e7b00000|  0%| F|  |TAMS 0x00000000e7a00000| PB 0x00000000e7a00000| Untracked |  0
| 123|0x00000000e7b00000, 0x00000000e7b00000, 0x00000000e7c00000|  0%| F|  |TAMS 0x00000000e7b00000| PB 0x00000000e7b00000| Untracked |  0
| 124|0x00000000e7c00000, 0x00000000e7c00000, 0x00000000e7d00000|  0%| F|  |TAMS 0x00000000e7c00000| PB 0x00000000e7c00000| Untracked |  0
| 125|0x00000000e7d00000, 0x00000000e7d00000, 0x00000000e7e00000|  0%| F|  |TAMS 0x00000000e7d00000| PB 0x00000000e7d00000| Untracked |  0
| 126|0x00000000e7e00000, 0x00000000e7e00000, 0x00000000e7f00000|  0%| F|  |TAMS 0x00000000e7e00000| PB 0x00000000e7e00000| Untracked |  0
| 127|0x00000000e7f00000, 0x00000000e7f00000, 0x00000000e8000000|  0%| F|  |TAMS 0x00000000e7f00000| PB 0x00000000e7f00000| Untracked |  0
| 128|0x00000000e8000000, 0x00000000e8000000, 0x00000000e8100000|  0%| F|  |TAMS 0x00000000e8000000| PB 0x00000000e8000000| Untracked |  0
| 129|0x00000000e8100000, 0x00000000e8100000, 0x00000000e8200000|  0%| F|  |TAMS 0x00000000e8100000| PB 0x00000000e8100000| Untracked |  0
| 130|0x00000000e8200000, 0x00000000e8200000, 0x00000000e8300000|  0%| F|  |TAMS 0x00000000e8200000| PB 0x00000000e8200000| Untracked |  0
| 131|0x00000000e8300000, 0x00000000e8300000, 0x00000000e8400000|  0%| F|  |TAMS 0x00000000e8300000| PB 0x00000000e8300000| Untracked |  0
| 132|0x00000000e8400000, 0x00000000e8400000, 0x00000000e8500000|  0%| F|  |TAMS 0x00000000e8400000| PB 0x00000000e8400000| Untracked |  0
| 133|0x00000000e8500000, 0x00000000e8500000, 0x00000000e8600000|  0%| F|  |TAMS 0x00000000e8500000| PB 0x00000000e8500000| Untracked |  0
| 134|0x00000000e8600000, 0x00000000e8600000, 0x00000000e8700000|  0%| F|  |TAMS 0x00000000e8600000| PB 0x00000000e8600000| Untracked |  0
| 135|0x00000000e8700000, 0x00000000e8700000, 0x00000000e8800000|  0%| F|  |TAMS 0x00000000e8700000| PB 0x00000000e8700000| Untracked |  0
| 136|0x00000000e8800000, 0x00000000e8800000, 0x00000000e8900000|  0%| F|  |TAMS 0x00000000e8800000| PB 0x00000000e8800000| Untracked |  0
| 137|0x00000000e8900000, 0x00000000e8900000, 0x00000000e8a00000|  0%| F|  |TAMS 0x00000000e8900000| PB 0x00000000e8900000| Untracked |  0
| 138|0x00000000e8a00000, 0x00000000e8a00000, 0x00000000e8b00000|  0%| F|  |TAMS 0x00000000e8a00000| PB 0x00000000e8a00000| Untracked |  0
| 139|0x00000000e8b00000, 0x00000000e8b00000, 0x00000000e8c00000|  0%| F|  |TAMS 0x00000000e8b00000| PB 0x00000000e8b00000| Untracked |  0
| 140|0x00000000e8c00000, 0x00000000e8c00000, 0x00000000e8d00000|  0%| F|  |TAMS 0x00000000e8c00000| PB 0x00000000e8c00000| Untracked |  0
| 141|0x00000000e8d00000, 0x00000000e8d00000, 0x00000000e8e00000|  0%| F|  |TAMS 0x00000000e8d00000| PB 0x00000000e8d00000| Untracked |  0
| 142|0x00000000e8e00000, 0x00000000e8e00000, 0x00000000e8f00000|  0%| F|  |TAMS 0x00000000e8e00000| PB 0x00000000e8e00000| Untracked |  0
| 143|0x00000000e8f00000, 0x00000000e8f00000, 0x00000000e9000000|  0%| F|  |TAMS 0x00000000e8f00000| PB 0x00000000e8f00000| Untracked |  0
| 144|0x00000000e9000000, 0x00000000e9000000, 0x00000000e9100000|  0%| F|  |TAMS 0x00000000e9000000| PB 0x00000000e9000000| Untracked |  0
| 145|0x00000000e9100000, 0x00000000e9100000, 0x00000000e9200000|  0%| F|  |TAMS 0x00000000e9100000| PB 0x00000000e9100000| Untracked |  0
| 146|0x00000000e9200000, 0x00000000e9200000, 0x00000000e9300000|  0%| F|  |TAMS 0x00000000e9200000| PB 0x00000000e9200000| Untracked |  0
| 147|0x00000000e9300000, 0x00000000e9300000, 0x00000000e9400000|  0%| F|  |TAMS 0x00000000e9300000| PB 0x00000000e9300000| Untracked |  0
| 148|0x00000000e9400000, 0x00000000e9400000, 0x00000000e9500000|  0%| F|  |TAMS 0x00000000e9400000| PB 0x00000000e9400000| Untracked |  0
| 149|0x00000000e9500000, 0x00000000e9500000, 0x00000000e9600000|  0%| F|  |TAMS 0x00000000e9500000| PB 0x00000000e9500000| Untracked |  0
| 150|0x00000000e9600000, 0x00000000e9600000, 0x00000000e9700000|  0%| F|  |TAMS 0x00000000e9600000| PB 0x00000000e9600000| Untracked |  0
| 151|0x00000000e9700000, 0x00000000e9700000, 0x00000000e9800000|  0%| F|  |TAMS 0x00000000e9700000| PB 0x00000000e9700000| Untracked |  0
| 152|0x00000000e9800000, 0x00000000e9800000, 0x00000000e9900000|  0%| F|  |TAMS 0x00000000e9800000| PB 0x00000000e9800000| Untracked |  0
| 153|0x00000000e9900000, 0x00000000e9900000, 0x00000000e9a00000|  0%| F|  |TAMS 0x00000000e9900000| PB 0x00000000e9900000| Untracked |  0
| 154|0x00000000e9a00000, 0x00000000e9a00000, 0x00000000e9b00000|  0%| F|  |TAMS 0x00000000e9a00000| PB 0x00000000e9a00000| Untracked |  0
| 155|0x00000000e9b00000, 0x00000000e9b00000, 0x00000000e9c00000|  0%| F|  |TAMS 0x00000000e9b00000| PB 0x00000000e9b00000| Untracked |  0
| 156|0x00000000e9c00000, 0x00000000e9c00000, 0x00000000e9d00000|  0%| F|  |TAMS 0x00000000e9c00000| PB 0x00000000e9c00000| Untracked |  0
| 157|0x00000000e9d00000, 0x00000000e9d00000, 0x00000000e9e00000|  0%| F|  |TAMS 0x00000000e9d00000| PB 0x00000000e9d00000| Untracked |  0
| 158|0x00000000e9e00000, 0x00000000e9e00000, 0x00000000e9f00000|  0%| F|  |TAMS 0x00000000e9e00000| PB 0x00000000e9e00000| Untracked |  0
| 159|0x00000000e9f00000, 0x00000000e9f00000, 0x00000000ea000000|  0%| F|  |TAMS 0x00000000e9f00000| PB 0x00000000e9f00000| Untracked |  0
| 160|0x00000000ea000000, 0x00000000ea000000, 0x00000000ea100000|  0%| F|  |TAMS 0x00000000ea000000| PB 0x00000000ea000000| Untracked |  0
| 161|0x00000000ea100000, 0x00000000ea100000, 0x00000000ea200000|  0%| F|  |TAMS 0x00000000ea100000| PB 0x00000000ea100000| Untracked |  0
| 162|0x00000000ea200000, 0x00000000ea200000, 0x00000000ea300000|  0%| F|  |TAMS 0x00000000ea200000| PB 0x00000000ea200000| Untracked |  0
| 163|0x00000000ea300000, 0x00000000ea300000, 0x00000000ea400000|  0%| F|  |TAMS 0x00000000ea300000| PB 0x00000000ea300000| Untracked |  0
| 164|0x00000000ea400000, 0x00000000ea400000, 0x00000000ea500000|  0%| F|  |TAMS 0x00000000ea400000| PB 0x00000000ea400000| Untracked |  0
| 165|0x00000000ea500000, 0x00000000ea500000, 0x00000000ea600000|  0%| F|  |TAMS 0x00000000ea500000| PB 0x00000000ea500000| Untracked |  0
| 166|0x00000000ea600000, 0x00000000ea600000, 0x00000000ea700000|  0%| F|  |TAMS 0x00000000ea600000| PB 0x00000000ea600000| Untracked |  0
| 167|0x00000000ea700000, 0x00000000ea700000, 0x00000000ea800000|  0%| F|  |TAMS 0x00000000ea700000| PB 0x00000000ea700000| Untracked |  0
| 168|0x00000000ea800000, 0x00000000ea800000, 0x00000000ea900000|  0%| F|  |TAMS 0x00000000ea800000| PB 0x00000000ea800000| Untracked |  0
| 169|0x00000000ea900000, 0x00000000ea900000, 0x00000000eaa00000|  0%| F|  |TAMS 0x00000000ea900000| PB 0x00000000ea900000| Untracked |  0
| 170|0x00000000eaa00000, 0x00000000eaa00000, 0x00000000eab00000|  0%| F|  |TAMS 0x00000000eaa00000| PB 0x00000000eaa00000| Untracked |  0
| 171|0x00000000eab00000, 0x00000000eab00000, 0x00000000eac00000|  0%| F|  |TAMS 0x00000000eab00000| PB 0x00000000eab00000| Untracked |  0
| 172|0x00000000eac00000, 0x00000000eac00000, 0x00000000ead00000|  0%| F|  |TAMS 0x00000000eac00000| PB 0x00000000eac00000| Untracked |  0
| 173|0x00000000ead00000, 0x00000000ead00000, 0x00000000eae00000|  0%| F|  |TAMS 0x00000000ead00000| PB 0x00000000ead00000| Untracked |  0
| 174|0x00000000eae00000, 0x00000000eae00000, 0x00000000eaf00000|  0%| F|  |TAMS 0x00000000eae00000| PB 0x00000000eae00000| Untracked |  0
| 175|0x00000000eaf00000, 0x00000000eaf00000, 0x00000000eb000000|  0%| F|  |TAMS 0x00000000eaf00000| PB 0x00000000eaf00000| Untracked |  0
| 176|0x00000000eb000000, 0x00000000eb000000, 0x00000000eb100000|  0%| F|  |TAMS 0x00000000eb000000| PB 0x00000000eb000000| Untracked |  0
| 177|0x00000000eb100000, 0x00000000eb100000, 0x00000000eb200000|  0%| F|  |TAMS 0x00000000eb100000| PB 0x00000000eb100000| Untracked |  0
| 178|0x00000000eb200000, 0x00000000eb200000, 0x00000000eb300000|  0%| F|  |TAMS 0x00000000eb200000| PB 0x00000000eb200000| Untracked |  0
| 179|0x00000000eb300000, 0x00000000eb300000, 0x00000000eb400000|  0%| F|  |TAMS 0x00000000eb300000| PB 0x00000000eb300000| Untracked |  0
| 180|0x00000000eb400000, 0x00000000eb400000, 0x00000000eb500000|  0%| F|  |TAMS 0x00000000eb400000| PB 0x00000000eb400000| Untracked |  0
| 181|0x00000000eb500000, 0x00000000eb500000, 0x00000000eb600000|  0%| F|  |TAMS 0x00000000eb500000| PB 0x00000000eb500000| Untracked |  0
| 182|0x00000000eb600000, 0x00000000eb600000, 0x00000000eb700000|  0%| F|  |TAMS 0x00000000eb600000| PB 0x00000000eb600000| Untracked |  0
| 183|0x00000000eb700000, 0x00000000eb700000, 0x00000000eb800000|  0%| F|  |TAMS 0x00000000eb700000| PB 0x00000000eb700000| Untracked |  0
| 184|0x00000000eb800000, 0x00000000eb800000, 0x00000000eb900000|  0%| F|  |TAMS 0x00000000eb800000| PB 0x00000000eb800000| Untracked |  0
| 185|0x00000000eb900000, 0x00000000eb900000, 0x00000000eba00000|  0%| F|  |TAMS 0x00000000eb900000| PB 0x00000000eb900000| Untracked |  0
| 186|0x00000000eba00000, 0x00000000eba00000, 0x00000000ebb00000|  0%| F|  |TAMS 0x00000000eba00000| PB 0x00000000eba00000| Untracked |  0
| 187|0x00000000ebb00000, 0x00000000ebb00000, 0x00000000ebc00000|  0%| F|  |TAMS 0x00000000ebb00000| PB 0x00000000ebb00000| Untracked |  0
| 188|0x00000000ebc00000, 0x00000000ebc00000, 0x00000000ebd00000|  0%| F|  |TAMS 0x00000000ebc00000| PB 0x00000000ebc00000| Untracked |  0
| 189|0x00000000ebd00000, 0x00000000ebd00000, 0x00000000ebe00000|  0%| F|  |TAMS 0x00000000ebd00000| PB 0x00000000ebd00000| Untracked |  0
| 190|0x00000000ebe00000, 0x00000000ebe00000, 0x00000000ebf00000|  0%| F|  |TAMS 0x00000000ebe00000| PB 0x00000000ebe00000| Untracked |  0
| 191|0x00000000ebf00000, 0x00000000ebf00000, 0x00000000ec000000|  0%| F|  |TAMS 0x00000000ebf00000| PB 0x00000000ebf00000| Untracked |  0
| 192|0x00000000ec000000, 0x00000000ec000000, 0x00000000ec100000|  0%| F|  |TAMS 0x00000000ec000000| PB 0x00000000ec000000| Untracked |  0
| 193|0x00000000ec100000, 0x00000000ec100000, 0x00000000ec200000|  0%| F|  |TAMS 0x00000000ec100000| PB 0x00000000ec100000| Untracked |  0
| 194|0x00000000ec200000, 0x00000000ec200000, 0x00000000ec300000|  0%| F|  |TAMS 0x00000000ec200000| PB 0x00000000ec200000| Untracked |  0
| 195|0x00000000ec300000, 0x00000000ec300000, 0x00000000ec400000|  0%| F|  |TAMS 0x00000000ec300000| PB 0x00000000ec300000| Untracked |  0
| 196|0x00000000ec400000, 0x00000000ec400000, 0x00000000ec500000|  0%| F|  |TAMS 0x00000000ec400000| PB 0x00000000ec400000| Untracked |  0
| 197|0x00000000ec500000, 0x00000000ec500000, 0x00000000ec600000|  0%| F|  |TAMS 0x00000000ec500000| PB 0x00000000ec500000| Untracked |  0
| 198|0x00000000ec600000, 0x00000000ec600000, 0x00000000ec700000|  0%| F|  |TAMS 0x00000000ec600000| PB 0x00000000ec600000| Untracked |  0
| 199|0x00000000ec700000, 0x00000000ec700000, 0x00000000ec800000|  0%| F|  |TAMS 0x00000000ec700000| PB 0x00000000ec700000| Untracked |  0
| 200|0x00000000ec800000, 0x00000000ec800000, 0x00000000ec900000|  0%| F|  |TAMS 0x00000000ec800000| PB 0x00000000ec800000| Untracked |  0
| 201|0x00000000ec900000, 0x00000000ec900000, 0x00000000eca00000|  0%| F|  |TAMS 0x00000000ec900000| PB 0x00000000ec900000| Untracked |  0
| 202|0x00000000eca00000, 0x00000000eca00000, 0x00000000ecb00000|  0%| F|  |TAMS 0x00000000eca00000| PB 0x00000000eca00000| Untracked |  0
| 203|0x00000000ecb00000, 0x00000000ecb00000, 0x00000000ecc00000|  0%| F|  |TAMS 0x00000000ecb00000| PB 0x00000000ecb00000| Untracked |  0
| 204|0x00000000ecc00000, 0x00000000ecc00000, 0x00000000ecd00000|  0%| F|  |TAMS 0x00000000ecc00000| PB 0x00000000ecc00000| Untracked |  0
| 205|0x00000000ecd00000, 0x00000000ecd00000, 0x00000000ece00000|  0%| F|  |TAMS 0x00000000ecd00000| PB 0x00000000ecd00000| Untracked |  0
| 206|0x00000000ece00000, 0x00000000ece00000, 0x00000000ecf00000|  0%| F|  |TAMS 0x00000000ece00000| PB 0x00000000ece00000| Untracked |  0
| 207|0x00000000ecf00000, 0x00000000ecf00000, 0x00000000ed000000|  0%| F|  |TAMS 0x00000000ecf00000| PB 0x00000000ecf00000| Untracked |  0
| 208|0x00000000ed000000, 0x00000000ed000000, 0x00000000ed100000|  0%| F|  |TAMS 0x00000000ed000000| PB 0x00000000ed000000| Untracked |  0
| 209|0x00000000ed100000, 0x00000000ed100000, 0x00000000ed200000|  0%| F|  |TAMS 0x00000000ed100000| PB 0x00000000ed100000| Untracked |  0
| 210|0x00000000ed200000, 0x00000000ed200000, 0x00000000ed300000|  0%| F|  |TAMS 0x00000000ed200000| PB 0x00000000ed200000| Untracked |  0
| 211|0x00000000ed300000, 0x00000000ed300000, 0x00000000ed400000|  0%| F|  |TAMS 0x00000000ed300000| PB 0x00000000ed300000| Untracked |  0
| 212|0x00000000ed400000, 0x00000000ed400000, 0x00000000ed500000|  0%| F|  |TAMS 0x00000000ed400000| PB 0x00000000ed400000| Untracked |  0
| 213|0x00000000ed500000, 0x00000000ed500000, 0x00000000ed600000|  0%| F|  |TAMS 0x00000000ed500000| PB 0x00000000ed500000| Untracked |  0
| 214|0x00000000ed600000, 0x00000000ed600000, 0x00000000ed700000|  0%| F|  |TAMS 0x00000000ed600000| PB 0x00000000ed600000| Untracked |  0
| 215|0x00000000ed700000, 0x00000000ed700000, 0x00000000ed800000|  0%| F|  |TAMS 0x00000000ed700000| PB 0x00000000ed700000| Untracked |  0
| 216|0x00000000ed800000, 0x00000000ed800000, 0x00000000ed900000|  0%| F|  |TAMS 0x00000000ed800000| PB 0x00000000ed800000| Untracked |  0
| 217|0x00000000ed900000, 0x00000000ed900000, 0x00000000eda00000|  0%| F|  |TAMS 0x00000000ed900000| PB 0x00000000ed900000| Untracked |  0
| 218|0x00000000eda00000, 0x00000000eda00000, 0x00000000edb00000|  0%| F|  |TAMS 0x00000000eda00000| PB 0x00000000eda00000| Untracked |  0
| 219|0x00000000edb00000, 0x00000000edb00000, 0x00000000edc00000|  0%| F|  |TAMS 0x00000000edb00000| PB 0x00000000edb00000| Untracked |  0
| 220|0x00000000edc00000, 0x00000000edc00000, 0x00000000edd00000|  0%| F|  |TAMS 0x00000000edc00000| PB 0x00000000edc00000| Untracked |  0
| 221|0x00000000edd00000, 0x00000000edd00000, 0x00000000ede00000|  0%| F|  |TAMS 0x00000000edd00000| PB 0x00000000edd00000| Untracked |  0
| 222|0x00000000ede00000, 0x00000000ede00000, 0x00000000edf00000|  0%| F|  |TAMS 0x00000000ede00000| PB 0x00000000ede00000| Untracked |  0
| 223|0x00000000edf00000, 0x00000000edf00000, 0x00000000ee000000|  0%| F|  |TAMS 0x00000000edf00000| PB 0x00000000edf00000| Untracked |  0
| 224|0x00000000ee000000, 0x00000000ee000000, 0x00000000ee100000|  0%| F|  |TAMS 0x00000000ee000000| PB 0x00000000ee000000| Untracked |  0
| 225|0x00000000ee100000, 0x00000000ee100000, 0x00000000ee200000|  0%| F|  |TAMS 0x00000000ee100000| PB 0x00000000ee100000| Untracked |  0
| 226|0x00000000ee200000, 0x00000000ee200000, 0x00000000ee300000|  0%| F|  |TAMS 0x00000000ee200000| PB 0x00000000ee200000| Untracked |  0
| 227|0x00000000ee300000, 0x00000000ee300000, 0x00000000ee400000|  0%| F|  |TAMS 0x00000000ee300000| PB 0x00000000ee300000| Untracked |  0
| 228|0x00000000ee400000, 0x00000000ee400000, 0x00000000ee500000|  0%| F|  |TAMS 0x00000000ee400000| PB 0x00000000ee400000| Untracked |  0
| 229|0x00000000ee500000, 0x00000000ee500000, 0x00000000ee600000|  0%| F|  |TAMS 0x00000000ee500000| PB 0x00000000ee500000| Untracked |  0
| 230|0x00000000ee600000, 0x00000000ee600000, 0x00000000ee700000|  0%| F|  |TAMS 0x00000000ee600000| PB 0x00000000ee600000| Untracked |  0
| 231|0x00000000ee700000, 0x00000000ee700000, 0x00000000ee800000|  0%| F|  |TAMS 0x00000000ee700000| PB 0x00000000ee700000| Untracked |  0
| 232|0x00000000ee800000, 0x00000000ee800000, 0x00000000ee900000|  0%| F|  |TAMS 0x00000000ee800000| PB 0x00000000ee800000| Untracked |  0
| 233|0x00000000ee900000, 0x00000000ee900000, 0x00000000eea00000|  0%| F|  |TAMS 0x00000000ee900000| PB 0x00000000ee900000| Untracked |  0
| 234|0x00000000eea00000, 0x00000000eea00000, 0x00000000eeb00000|  0%| F|  |TAMS 0x00000000eea00000| PB 0x00000000eea00000| Untracked |  0
| 235|0x00000000eeb00000, 0x00000000eeb80000, 0x00000000eec00000| 50%| E|  |TAMS 0x00000000eeb00000| PB 0x00000000eeb00000| Complete |  0
| 236|0x00000000eec00000, 0x00000000eed00000, 0x00000000eed00000|100%| E|CS|TAMS 0x00000000eec00000| PB 0x00000000eec00000| Complete |  0
| 237|0x00000000eed00000, 0x00000000eee00000, 0x00000000eee00000|100%| E|CS|TAMS 0x00000000eed00000| PB 0x00000000eed00000| Complete |  0
| 238|0x00000000eee00000, 0x00000000eef00000, 0x00000000eef00000|100%| E|CS|TAMS 0x00000000eee00000| PB 0x00000000eee00000| Complete |  0
| 239|0x00000000eef00000, 0x00000000ef000000, 0x00000000ef000000|100%| E|CS|TAMS 0x00000000eef00000| PB 0x00000000eef00000| Complete |  0
| 240|0x00000000ef000000, 0x00000000ef100000, 0x00000000ef100000|100%| E|CS|TAMS 0x00000000ef000000| PB 0x00000000ef000000| Complete |  0
| 241|0x00000000ef100000, 0x00000000ef200000, 0x00000000ef200000|100%| E|CS|TAMS 0x00000000ef100000| PB 0x00000000ef100000| Complete |  0
| 242|0x00000000ef200000, 0x00000000ef300000, 0x00000000ef300000|100%| E|CS|TAMS 0x00000000ef200000| PB 0x00000000ef200000| Complete |  0
| 243|0x00000000ef300000, 0x00000000ef400000, 0x00000000ef400000|100%| E|CS|TAMS 0x00000000ef300000| PB 0x00000000ef300000| Complete |  0

Card table byte_map: [0x000000800ffa0000,0x00000080100a0000] _byte_map_base: 0x000000800f8a0000

Marking Bits: (CMBitMap*) 0x0000008000c5fa50
 Bits: [0x00000080100a0000, 0x00000080108a0000)

Polling page: 0x00000080001f0000

Metaspace:
Metaspace        used 9780K, committed 9920K, reserved 1114112K
 class space     used 986K, committed 1024K, reserved 1048576K

Usage:
  Non-class:      8.59 MB used.
      Class:    986.20 KB used.
       Both:      9.55 MB used.

Virtual space:
  Non-class space:       64.00 MB reserved,       8.69 MB ( 14%) committed,  1 nodes.
      Class space:        1.00 GB reserved,       1.00 MB ( <1%) committed,  1 nodes.
             Both:        1.06 GB reserved,       9.69 MB ( <1%) committed. 

Chunk freelists:
   Non-Class:  6.91 MB
       Class:  15.02 MB
        Both:  21.92 MB

MaxMetaspaceSize: unlimited
CompressedClassSpaceSize: 1.00 GB
Initial GC threshold: 21.00 MB
Current GC threshold: 21.00 MB
CDS: off
 - commit_granule_bytes: 65536.
 - commit_granule_words: 8192.
 - virtual_space_node_default_size: 8388608.
 - enlarge_chunks_in_place: 1.
UseCompressedClassPointers 1, UseCompactObjectHeaders 0
Narrow klass pointer bits 32, Max shift 3
Narrow klass base: 0x0000000000000000, Narrow klass shift: 0
Encoding Range: [0x0000000000000000 - 0x0000000100000000), (4294967296 bytes)
Klass Range:    [0x0000000095000000 - 0x00000000d5000000), (1073741824 bytes)
Klass ID Range:  [2499805184 - 3573547001) (1073741817)
No protection zone.


Internal statistics:

num_allocs_failed_limit: 0.
num_arena_births: 16.
num_arena_deaths: 0.
num_vsnodes_births: 2.
num_vsnodes_deaths: 0.
num_space_committed: 155.
num_space_uncommitted: 0.
num_chunks_returned_to_freelist: 0.
num_chunks_taken_from_freelist: 55.
num_chunk_merges: 0.
num_chunk_splits: 37.
num_chunks_enlarged: 31.
num_inconsistent_stats: 0.

CodeHeap 'non-profiled nmethods': size=119168Kb used=150Kb max_used=150Kb free=119018Kb
 bounds [0x0000008008860000, 0x0000008008ad0000, 0x000000800fcc0000]
CodeHeap 'profiled nmethods': size=119168Kb used=821Kb max_used=821Kb free=118346Kb
 bounds [0x0000008000cb0000, 0x0000008000f20000, 0x0000008008110000]
CodeHeap 'non-nmethods': size=7488Kb used=2994Kb max_used=3008Kb free=4493Kb
 bounds [0x0000008008110000, 0x0000008008410000, 0x0000008008860000]
CodeCache: size=245824Kb, used=3965Kb, max_used=3979Kb, free=241857Kb
 total_blobs=1128, nmethods=691, adapters=335, full_count=0
Compilation: enabled, stopped_count=0, restarted_count=0

Compilation events (20 events):
Event: 0.462 Thread 0x00000080132bab90  578       3       jdk.internal.classfile.impl.BufWriterImpl::writeU2 (38 bytes)
Event: 0.462 Thread 0x000000801840f800 nmethod 575 0x0000008000d4b688 code [0x0000008000d4b780, 0x0000008000d4c7e0]
Event: 0.462 Thread 0x00000080134412b0 nmethod 577 0x0000008000d4c808 code [0x0000008000d4c900, 0x0000008000d4ced8]
Event: 0.462 Thread 0x00000080132bab90 nmethod 578 0x0000008000d4cf08 code [0x0000008000d4d000, 0x0000008000d4d2c0]
Event: 0.464 Thread 0x00000080132bab90  579       1       jdk.internal.classfile.impl.AbstractPoolEntry$ClassEntryImpl::tag (3 bytes)
Event: 0.464 Thread 0x00000080132bab90 nmethod 579 0x000000800887f608 code [0x000000800887f700, 0x000000800887f7c8]
Event: 0.464 Thread 0x00000080132bab90  580       3       java.util.HashMap$HashIterator::nextNode (100 bytes)
Event: 0.464 Thread 0x00000080134412b0  581       3       java.util.ImmutableCollections$Set12$1::next (95 bytes)
Event: 0.465 Thread 0x00000080134412b0 nmethod 581 0x0000008000d4d308 code [0x0000008000d4d400, 0x0000008000d4d678]
Event: 0.465 Thread 0x00000080132bab90 nmethod 580 0x0000008000d4d688 code [0x0000008000d4d780, 0x0000008000d4dc58]
Event: 0.465 Thread 0x000000801343ea90  584       3       jdk.internal.classfile.impl.AbstractPoolEntry::hash2 (15 bytes)
Event: 0.465 Thread 0x000000801840f800  585       1       jdk.internal.constant.ClassOrInterfaceDescImpl::isClassOrInterface (2 bytes)
Event: 0.465 Thread 0x000000801343ea90 nmethod 584 0x0000008000d4dc88 code [0x0000008000d4dd80, 0x0000008000d4de88]
Event: 0.465 Thread 0x000000801840f800 nmethod 585 0x000000800887ff08 code [0x0000008008880000, 0x00000080088800c8]
Event: 0.465 Thread 0x000000801840f800  586       3       java.lang.invoke.MemberName::initResolved (53 bytes)
Event: 0.465 Thread 0x000000801840f800 nmethod 586 0x0000008000d4df88 code [0x0000008000d4e080, 0x0000008000d4e220]
Event: 0.465 Thread 0x000000801840f800  587       3       jdk.internal.classfile.impl.AbstractPoolEntry::hash1 (10 bytes)
Event: 0.465 Thread 0x000000801840f800 nmethod 587 0x0000008000d4e288 code [0x0000008000d4e380, 0x0000008000d4e480]
Event: 0.465 Thread 0x000000801840f800  588       1       java.lang.invoke.MethodHandle::type (5 bytes)
Event: 0.465 Thread 0x000000801840f800 nmethod 588 0x0000008008880208 code [0x0000008008880300, 0x00000080088803c8]

GC Heap Usage History (0 events):
No events

Metaspace Usage History (0 events):
No events

Dll operation events (2 events):
Event: 0.006 Loaded shared library D:\Programs\Android Studio\jbr\bin\java.dll
Event: 0.011 Loaded shared library D:\Programs\Android Studio\jbr\bin\zip.dll

Deoptimization events (18 events):
Event: 0.334 Thread 0x000000800055af70 Uncommon trap: trap_request=0xffffff45 fr.pc=0x00000080088624ac relative=0x00000000000000ac
Event: 0.334 Thread 0x000000800055af70 Uncommon trap: reason=unstable_if action=reinterpret pc=0x00000080088624ac method=java.lang.String.isLatin1()Z @ 10 c2
Event: 0.334 Thread 0x000000800055af70 DEOPT PACKING pc=0x00000080088624ac sp=0x0000008000baf170
Event: 0.334 Thread 0x000000800055af70 DEOPT UNPACKING pc=0x0000008008228582 sp=0x0000008000baf0b0 mode 2
Event: 0.359 Thread 0x000000800055af70 DEOPT PACKING pc=0x0000008000cb9b7b sp=0x0000008000baf160
Event: 0.359 Thread 0x000000800055af70 DEOPT UNPACKING pc=0x0000008008161702 sp=0x0000008000bae5c8 mode 0
Event: 0.360 Thread 0x000000800055af70 Uncommon trap: trap_request=0xffffff45 fr.pc=0x0000008008862dc8 relative=0x00000000000000c8
Event: 0.360 Thread 0x000000800055af70 Uncommon trap: reason=unstable_if action=reinterpret pc=0x0000008008862dc8 method=java.lang.AbstractStringBuilder.append(C)Ljava/lang/AbstractStringBuilder; @ 36 c2
Event: 0.360 Thread 0x000000800055af70 DEOPT PACKING pc=0x0000008008862dc8 sp=0x0000008000baf480
Event: 0.360 Thread 0x000000800055af70 DEOPT UNPACKING pc=0x0000008008228582 sp=0x0000008000baf3b8 mode 2
Event: 0.360 Thread 0x000000800055af70 DEOPT PACKING pc=0x0000008000cb9b7b sp=0x0000008000bab030
Event: 0.360 Thread 0x000000800055af70 DEOPT UNPACKING pc=0x0000008008161702 sp=0x0000008000baa498 mode 0
Event: 0.399 Thread 0x000000800055af70 DEOPT PACKING pc=0x0000008000ce6178 sp=0x0000008000baa8a0
Event: 0.399 Thread 0x000000800055af70 DEOPT UNPACKING pc=0x0000008008161702 sp=0x0000008000ba9d10 mode 0
Event: 0.435 Thread 0x000000800055af70 Uncommon trap: trap_request=0xffffff45 fr.pc=0x000000800886275c relative=0x000000000000005c
Event: 0.435 Thread 0x000000800055af70 Uncommon trap: reason=unstable_if action=reinterpret pc=0x000000800886275c method=java.io.WinNTFileSystem.isSlash(C)Z @ 9 c2
Event: 0.435 Thread 0x000000800055af70 DEOPT PACKING pc=0x000000800886275c sp=0x0000008000bae0b0
Event: 0.435 Thread 0x000000800055af70 DEOPT UNPACKING pc=0x0000008008228582 sp=0x0000008000bae038 mode 2

Classes loaded (20 events):
Event: 0.465 Loading class java/lang/WeakPairMap$Pair$Weak$1
Event: 0.465 Loading class java/lang/WeakPairMap$Pair$Weak$1 done
Event: 0.466 Loading class java/lang/reflect/Proxy$ProxyBuilder$ProxyClassContext
Event: 0.466 Loading class java/lang/reflect/Proxy$ProxyBuilder$ProxyClassContext done
Event: 0.466 Loading class java/lang/reflect/ProxyGenerator
Event: 0.466 Loading class java/lang/reflect/ProxyGenerator done
Event: 0.466 Loading class java/lang/classfile/ClassFile$Option
Event: 0.466 Loading class java/lang/classfile/ClassFile$Option done
Event: 0.466 Loading class java/lang/classfile/ClassFile$StackMapsOption
Event: 0.466 Loading class java/lang/classfile/ClassFile$StackMapsOption done
Event: 0.466 Loading class java/lang/InterruptedException
Event: 0.466 Loading class java/lang/InterruptedException done
Event: 0.466 Loading class java/util/StringJoiner
Event: 0.466 Loading class java/util/StringJoiner done
Event: 0.467 Loading class java/lang/classfile/attribute/StackMapFrameInfo$ObjectVerificationTypeInfo
Event: 0.467 Loading class java/lang/classfile/attribute/StackMapFrameInfo$VerificationTypeInfo
Event: 0.467 Loading class java/lang/classfile/attribute/StackMapFrameInfo$VerificationTypeInfo done
Event: 0.467 Loading class java/lang/classfile/attribute/StackMapFrameInfo$ObjectVerificationTypeInfo done
Event: 0.467 Loading class jdk/internal/classfile/impl/StackMapDecoder$ObjectVerificationTypeInfoImpl
Event: 0.467 Loading class jdk/internal/classfile/impl/StackMapDecoder$ObjectVerificationTypeInfoImpl done

Classes unloaded (0 events):
No events

Classes redefined (0 events):
No events

Internal exceptions (1 events):
Event: 0.373 Thread 0x000000800055af70 Exception <a 'java/lang/NoSuchMethodError'{0x00000000ef1f0b50}: 'void java.lang.invoke.DirectMethodHandle$Holder.invokeInterface(java.lang.Object, java.lang.Object, java.lang.Object)'> (0x00000000ef1f0b50) 
thrown [s\src\hotspot\share\interpreter\linkResolver.cpp, line 815]

VM Operations (8 events):
Event: 0.334 Executing non-safepoint VM operation: HandshakeAllThreads (Deoptimize)
Event: 0.334 Executing non-safepoint VM operation: HandshakeAllThreads (Deoptimize) done
Event: 0.386 Executing non-safepoint VM operation: HandshakeAllThreads (Deoptimize)
Event: 0.386 Executing non-safepoint VM operation: HandshakeAllThreads (Deoptimize) done
Event: 0.426 Executing non-safepoint VM operation: HandshakeAllThreads (Deoptimize)
Event: 0.426 Executing non-safepoint VM operation: HandshakeAllThreads (Deoptimize) done
Event: 0.435 Executing non-safepoint VM operation: HandshakeAllThreads (Deoptimize)
Event: 0.435 Executing non-safepoint VM operation: HandshakeAllThreads (Deoptimize) done

Memory protections (0 events):
No events

Nmethod flushes (0 events):
No events

Events (19 events):
Event: 0.011 Thread 0x000000800055af70 Thread added: 0x000000800055af70
Event: 0.042 Thread 0x000000800055af70 Thread added: 0x0000008012d73b60
Event: 0.046 Thread 0x000000800055af70 Thread added: 0x0000008012d745c0
Event: 0.046 Thread 0x000000800055af70 Thread added: 0x00000080132b0080
Event: 0.047 Thread 0x000000800055af70 Thread added: 0x0000008012d9ad40
Event: 0.048 Thread 0x000000800055af70 Thread added: 0x0000008012d9b500
Event: 0.048 Thread 0x000000800055af70 Thread added: 0x0000008012d9d250
Event: 0.048 Thread 0x000000800055af70 Thread added: 0x0000008012d924a0
Event: 0.048 Thread 0x000000800055af70 Thread added: 0x00000080132b53c0
Event: 0.048 Thread 0x000000800055af70 Thread added: 0x00000080132bab90
Event: 0.309 Thread 0x00000080132bab90 Thread added: 0x000000801343ea90
Event: 0.309 Thread 0x00000080132bab90 Thread added: 0x00000080134412b0
Event: 0.333 Thread 0x000000800055af70 Thread added: 0x0000008013450f50
Event: 0.342 Loaded shared library D:\Programs\Android Studio\jbr\bin\net.dll
Event: 0.343 Loaded shared library D:\Programs\Android Studio\jbr\bin\nio.dll
Event: 0.351 Loaded shared library D:\Programs\Android Studio\jbr\bin\zip.dll
Event: 0.394 Thread 0x00000080134412b0 Thread added: 0x0000008013630470
Event: 0.431 Loaded shared library D:\Programs\Android Studio\jbr\bin\jimage.dll
Event: 0.451 Thread 0x000000801343ea90 Thread added: 0x000000801840f800


Dynamic libraries:
0x00007ff63b620000 - 0x00007ff63b62a000 	D:\Programs\Android Studio\jbr\bin\java.exe
0x00007fffc78e0000 - 0x00007fffc7b3e000 	C:\WINDOWS\SYSTEM32\ntdll.dll
0x00007fffc6ee0000 - 0x00007fffc6fa7000 	C:\WINDOWS\System32\KERNEL32.DLL
0x00007fffc4db0000 - 0x00007fffc51b8000 	C:\WINDOWS\System32\KERNELBASE.dll
0x00007fffc5440000 - 0x00007fffc5587000 	C:\WINDOWS\System32\ucrtbase.dll
0x00007fff7d260000 - 0x00007fff7d276000 	D:\Programs\Android Studio\jbr\bin\jli.dll
0x00007fff8d540000 - 0x00007fff8d55b000 	D:\Programs\Android Studio\jbr\bin\VCRUNTIME140.dll
0x00007fffc5dd0000 - 0x00007fffc5f9d000 	C:\WINDOWS\System32\USER32.dll
0x00007fffc4d80000 - 0x00007fffc4da7000 	C:\WINDOWS\System32\win32u.dll
0x00007fffae070000 - 0x00007fffae2fc000 	C:\WINDOWS\WinSxS\amd64_microsoft.windows.common-controls_6595b64144ccf1df_6.0.28000.2912_none_cc7eb74623a57c00\COMCTL32.dll
0x00007fffc6de0000 - 0x00007fffc6e12000 	C:\WINDOWS\System32\GDI32.dll
0x00007fffc55a0000 - 0x00007fffc5648000 	C:\WINDOWS\System32\msvcrt.dll
0x00007fffc4b30000 - 0x00007fffc4c51000 	C:\WINDOWS\System32\gdi32full.dll
0x00007fffc4a00000 - 0x00007fffc4a9e000 	C:\WINDOWS\System32\msvcp_win.dll
0x00007fffc7020000 - 0x00007fffc70c7000 	C:\WINDOWS\System32\sechost.dll
0x00007fffc6da0000 - 0x00007fffc6dcf000 	C:\WINDOWS\System32\IMM32.DLL
0x00007fffa9390000 - 0x00007fffa9482000 	C:\Program Files\Windhawk\Engine\1.7.3\64\windhawk.dll
0x00007fffc6e20000 - 0x00007fffc6eda000 	C:\WINDOWS\System32\ADVAPI32.dll
0x00007fffc76e0000 - 0x00007fffc77f5000 	C:\WINDOWS\System32\RPCRT4.dll
0x00007fffa9590000 - 0x00007fffa95bb000 	C:\ProgramData\Windhawk\Engine\Mods\64\explorer-details-better-file-sizes_1.5.1_888757.dll
0x00007fffc6470000 - 0x00007fffc6606000 	C:\WINDOWS\System32\ole32.dll
0x00007fffc7360000 - 0x00007fffc76db000 	C:\WINDOWS\System32\combase.dll
0x00007fffc5980000 - 0x00007fffc5a57000 	C:\WINDOWS\System32\OLEAUT32.dll
0x00007fffc6610000 - 0x00007fffc6d9a000 	C:\WINDOWS\System32\SHELL32.dll
0x00007fffa88e0000 - 0x00007fffa891a000 	C:\ProgramData\Windhawk\Engine\Mods\64\libunwind.whl
0x00007fffa8920000 - 0x00007fffa8ac9000 	C:\ProgramData\Windhawk\Engine\Mods\64\libc++.whl
0x00007fffbec70000 - 0x00007fffbed69000 	C:\WINDOWS\SYSTEM32\PROPSYS.dll
0x00007fffb7b70000 - 0x00007fffb7b7c000 	D:\Programs\Android Studio\jbr\bin\vcruntime140_1.dll
0x00007ffef92a0000 - 0x00007ffef932d000 	D:\Programs\Android Studio\jbr\bin\msvcp140.dll
0x00007ffedb420000 - 0x00007ffedc2fd000 	D:\Programs\Android Studio\jbr\bin\server\jvm.dll
0x00007fffc72d0000 - 0x00007fffc7350000 	C:\WINDOWS\System32\WS2_32.dll
0x00007fffc4890000 - 0x00007fffc48ee000 	C:\WINDOWS\SYSTEM32\POWRPROF.dll
0x00007fffb7810000 - 0x00007fffb781b000 	C:\WINDOWS\SYSTEM32\VERSION.dll
0x00007fffb8560000 - 0x00007fffb8593000 	C:\WINDOWS\SYSTEM32\WINMM.dll
0x00007fffc4870000 - 0x00007fffc488a000 	C:\WINDOWS\SYSTEM32\UMPDC.dll
0x00007fffc37a0000 - 0x00007fffc37bb000 	C:\WINDOWS\SYSTEM32\kernel.appcore.dll
0x00007fffb45b0000 - 0x00007fffb45ba000 	D:\Programs\Android Studio\jbr\bin\jimage.dll
0x00007fffc1e50000 - 0x00007fffc2195000 	C:\WINDOWS\SYSTEM32\DBGHELP.DLL
0x00007fffae020000 - 0x00007fffae068000 	C:\WINDOWS\SYSTEM32\dbgcore.DLL
0x00007fffc4cd0000 - 0x00007fffc4d74000 	C:\WINDOWS\System32\bcryptPrimitives.dll
0x00007fff88c10000 - 0x00007fff88c2e000 	D:\Programs\Android Studio\jbr\bin\java.dll
0x00007fff86d50000 - 0x00007fff86d66000 	D:\Programs\Android Studio\jbr\bin\zip.dll
0x00007fffc2530000 - 0x00007fffc2de4000 	C:\WINDOWS\SYSTEM32\windows.storage.dll
0x00007fffc5ac0000 - 0x00007fffc5bc0000 	C:\WINDOWS\System32\SHCORE.dll
0x00007fffc6fb0000 - 0x00007fffc7014000 	C:\WINDOWS\System32\shlwapi.dll
0x00007fffc4920000 - 0x00007fffc4947000 	C:\WINDOWS\SYSTEM32\profapi.dll
0x00007fffb44a0000 - 0x00007fffb44b0000 	D:\Programs\Android Studio\jbr\bin\net.dll
0x00007fffc4c60000 - 0x00007fffc4cca000 	C:\WINDOWS\System32\mswsock.dll
0x00007fff82a80000 - 0x00007fff82a96000 	D:\Programs\Android Studio\jbr\bin\nio.dll

JVMTI agents: none

dbghelp: loaded successfully - version: 4.0.5 - missing functions: none
symbol engine: initialized successfully - sym options: 0x614 - pdb path: .;D:\Programs\Android Studio\jbr\bin;C:\WINDOWS\SYSTEM32;C:\WINDOWS\WinSxS\amd64_microsoft.windows.common-controls_6595b64144ccf1df_6.0.28000.2912_none_cc7eb74623a57c00;C:\Program Files\Windhawk\Engine\1.7.3\64;C:\ProgramData\Windhawk\Engine\Mods\64;D:\Programs\Android Studio\jbr\bin\server

VM Arguments:
jvm_args: -Djava.awt.headless=true -Djava.library.path=D:\Programs\Android Studio\jbr\bin;C:\WINDOWS\Sun\Java\bin;C:\WINDOWS\system32;C:\WINDOWS;C:\Python314\Scripts\;C:\Python314\;C:\Python313\Scripts\;C:\Python313\;C:\WINDOWS\system32;C:\WINDOWS;C:\WINDOWS\System32\Wbem;C:\WINDOWS\System32\WindowsPowerShell\v1.0\;C:\WINDOWS\System32\OpenSSH\;C:\MinGW\bin;C:\Program Files\NVIDIA Corporation\NVIDIA App\NvDLISR;C:\Program Files (x86)\NVIDIA Corporation\PhysX\Common;C:\Program Files\dotnet\;C:\Program Files\nodejs\;C:\Program Files (x86)\Windows Kits\10\Windows Performance Toolkit\;C:\Users\arkad\AppData\Local\UniGetUI\Chocolatey\bin;C:\Users\arkad\AppData\Local\Microsoft\WindowsApps;C:\Users\arkad\AppData\Local\GitHubDesktop\bin;C:\Users\arkad\AppData\Local\JetBrains\Toolbox\scripts;D:\Programs\Jetbrains\IntelliJ IDEA 2025.2\bin;D:\Programs\Jetbrains\CLion 2025.2\bin;D:\Programs\Jetbrains\PyCharm 2025.2\bin;C:\Users\arkad\AppData\Local\Programs\Microsoft VS Code\bin;C:\Exercism;C:\Users\arkad\AppData\Local\Programs\Hyper\resources\bin;C:\Users\arkad\Ap;C:\WINDOWS\system32;C:\WINDOWS;C:\WINDOWS\System32\Wbem;C:\WINDOWS\System32\WindowsPowerShell\v1.0\;C:\WINDOWS\System32\OpenSSH\;C:\Program Files\Git\cmd;C:\Program Files\Common Files\Oracle\Java\javapath;C:\Users\arkad\AppData\Roaming\npm;C:\Users\arkad\AppData\Local\Microsoft\WinGet\Packages\DenoLand.Deno_Microsoft.Winget.Source_8wekyb3d8bbwe;C:\Users\arkad\AppData\Local\Microsoft\WinGet\Packages\yt-dlp.FFmpeg_Microsoft.Winget.Source_8wekyb3d8bbwe\ffmpeg-N-121583-g4348bde2d2-win64-gpl/bin;D:\Code\flutter\binD:\Code\flutter\bin;C:\Users\arkad\AppData\Local\Microsoft\WinGet\Links;C:\Users\arkad\AppData\Local\Microsoft\WinGet\Packages\ch.LosslessCut_Microsoft.Winget.Source_8wekyb3d8bbwe;C:\program files (x86)\steam\ext\bin;C:\Users\arkad\AppData\Local\PowerToys\DSCModules\;C:\Users\arkad\AppData\Local\PowerToys\bin\;.;D:\SIH2026_1\app\src\testDebug\jniLibs;D:\SIH2026_1\app\src\test\jniLibs -Dorg.gradle.internal.worker.tmpdir=D:\SIH2026_1\app\build\tmp\testDebugUnitTest\work --add-opens=java.base/java.io=ALL-UNNAMED -Xmx512m -Dfile.encoding=UTF-8 -Duser.country=IN -Duser.language=en -Duser.variant -ea 
java_command: worker.org.gradle.process.internal.worker.GradleWorkerMain 'Gradle Test Executor 4'
java_class_path (initial): C:\\Users\\arkad\\.gradle\\caches\\9.6.0\\workerMain\\gradle-worker.jar;D:\\SIH2026_1\\app\\build\\intermediates\\built_in_kotlinc\\debugUnitTest\\compileDebugUnitTestKotlin\\classes;D:\\SIH2026_1\\app\\build\\intermediates\\java_res\\debugUnitTest\\processDebugUnitTestJavaRes\\out;D:\\SIH2026_1\\app\\build\\intermediates\\runtime_app_classes_jar\\debug\\bundleDebugClassesToRuntimeJar\\classes.jar;C:\\Users\\arkad\\.gradle\\caches\\modules-2\\files-2.1\\junit\\junit\\4.13.2\\8ac9e16d933b6fb43bc7f576336b8f4d7eb5ba12\\junit-4.13.2.jar;C:\\Users\\arkad\\.gradle\\caches\\9.6.0\\transforms\\986feaef40d72e329949d4566a33a13c\\transformed\\material-1.10.0-runtime.jar;C:\\Users\\arkad\\.gradle\\caches\\9.6.0\\transforms\\cba99bc950098502c970e6622865f8cd\\transformed\\appcompat-resources-1.6.1-runtime.jar;C:\\Users\\arkad\\.gradle\\caches\\9.6.0\\transforms\\573bbce1b225aa7e2ad43c607d7d1c30\\transformed\\constraintlayout-2.0.1-runtime.jar;C:\\Users\\arkad\\.gradle\\caches\\9.6.0\\transforms\\7fb011a6039f847ce4ee68afd68bc72e\\transformed\\appcompat-1.6.1-runtime.jar;C:\\Users\\arkad\\.gradle\\caches\\9.6.0\\transforms\\1a7f9cff9bd8d8cf47e2998dd7f3cc25\\transformed\\webkit-1.12.1-runtime.jar;C:\\Users\\arkad\\.gradle\\caches\\9.6.0\\transforms\\8e283fc28643ab8edc61aa9f52326236\\transformed\\emoji2-views-helper-1.2.0-runtime.jar;C:\\Users\\arkad\\.gradle\\caches\\9.6.0\\transforms\\16d974053c0e508a4f42440e37b5188c\\transformed\\emoji2-1.2.0-runtime.jar;C:\\Users\\arkad\\.gradle\\caches\\9.6.0\\transforms\\518fa8a53f53aaa3f568c1d60ae4e9ee\\transformed\\viewpager2-1.0.0-runtime.jar;C:\\Users\\arkad\\.gradle\\caches\\9.6.0\\transforms\\ebc424e87eccfd5961618064a47d237f\\transformed\\fragment-1.3.6-runtime.jar;C:\\Users\\arkad\\.gradle\\caches\\9.6.0\\transforms\\a9a8a112d2ae2461d278fc19418a8396\\transformed\\activity-1.8.0-runtime.jar;C:\\Users\\arkad\\.gradle\\caches\\9.6.0\\transforms\\8ef6e7c3a5646c95231e65277699dbc7\\transformed\\drawerlayout-1.1.1-runtime.jar;C:\\Users\\arkad\\.gradle\\caches\\9.6.0\\transforms\\e64984ded363b603001d6d686a7e06dc\\transformed\\coordinatorlayout-1.1.0-runtime.jar;C:\\Users\\arkad\\.gradle\\caches\\9.6.0\\transforms\\ea7c6b112229b3e3561f817f0467c62c\\transformed\\dynamicanimation-1.0.0-runtime.jar;C:\\Users\\arkad\\.gradle\\caches\\9.6.0\\transforms\\11271b7e508324a333704f76230dd3b4\\transformed\\transition-1.2.0-runtime.jar;C:\\Users\\arkad\\.gradle\\caches\\9.6.0\\transforms\\79ee4c1eb5cf7e123b76779df86e9fa9\\transformed\\vectordrawable-animated-1.1.0-runtime.jar;C:\\Users\\arkad\\.gradle\\caches\\9.6.0\\transforms\\57bcc3e139e7e29adf2687d604bb13f7\\transformed\\vectordrawable-1.1.0-runtime.jar;C:\\Users\\arkad\\.gradle\\caches\\9.6.0\\transforms\\e0c5ac974ef549d915b6d77189a5a9ca\\transformed\\viewpager-1.0.0-runtime.jar;C:\\Users\\arkad\\.gradle\\caches\\9.6.0\\transforms\\4ebc2e62ee9ec2e8ad3f46ce40e19310\\transformed\\legacy-support-core-utils-1.0.0-runtime.jar;C:\\Users\\arkad\\.gradle\\caches\\9.6.0\\transforms\\544829fd00c1d93e169c7d6e78a761f4\\transformed\\loader-1.0.0-runtime.jar;C:\\Users\\arkad\\.gradle\\caches\\9.6.0\\transforms\\1af44aae9fdf4be94fee727aa4cc13c2\\transformed\\recyclerview-1.1.0-runtime.jar;C:\\Users\\arkad\\.gradle\\caches\\9.6.0\\transforms\\865de796bad91dfd6162896db075758a\\transformed\\customview-1.1.0-runtime.jar;C:\\Users\\arkad\\.gradle\\caches\\9.6.0\\transforms\\c759f99d6bd4a20691ad88955d64d836\\transformed\\core-1.10.1-runtime.jar;C:\\Users\\arkad\\.gradle\\caches\\9.6.0\\transforms\\1bddb1a059dd17e472f151e274887313\\transformed\\savedstate-1.2.1-runtime.jar;C:\\Users\\arkad\\.gradle\\caches\\9.6.0\\transforms\\30e29752a62fd9a6d430f0361f9107da\\transformed\\lifecycle-process-2.6.1-runtime.jar;C:\\Users\\arkad\\.gradle\\caches\\9.6.0\\transforms\\49ce8169f012cb098f8cb12c764ccd4e\\transformed\\lifecycle-livedata-core-2.6.1-runtime.jar;C:\\Users\\arkad\\.gradle\\caches\\9.6.0\\transforms\\074d5264a390366a6b506b7cdb5f19dd\\transformed\\lifecycle-livedata-2.6.1-runtime.jar;C:\\Users\\arkad\\.gradle\\caches\\modules-2\\files-2.1\\androidx.lifecycle\\lifecycle-common\\2.6.1\\10f354fdb64868baecd67128560c5a0d6312c495\\lifecycle-common-2.6.1.jar;C:\\Users\\arkad\\.gradle\\caches\\9.6.0\\transforms\\edaac9f2de54c0dd44e84138e4f60e89\\transformed\\lifecycle-viewmodel-2.6.1-runtime.jar;C:\\Users\\arkad\\.gradle\\caches\\9.6.0\\transforms\\694262add867b5a919ec1bf3458b5b6b\\transformed\\lifecycle-runtime-2.6.1-runtime.jar;C:\\Users\\arkad\\.gradle\\caches\\9.6.0\\transforms\\5e352106e85ff4d572113b36b8445a80\\transformed\\lifecycle-viewmodel-savedstate-2.6.1-runtime.jar;C:\\Users\\arkad\\.gradle\\caches\\9.6.0\\transforms\\d372bf4c5c7cd8bfa3b8ba7ff08cbee4\\transformed\\core-ktx-1.10.1-runtime.jar;C:\\Users\\arkad\\.gradle\\caches\\9.6.0\\transforms\\35c97cf5799ceb8c145deb6522a1b190\\transformed\\annotation-experimental-1.4.1-runtime.jar;C:\\Users\\arkad\\.gradle\\caches\\9.6.0\\transforms\\8e584011d7daac8f65637ade50aa9596\\transformed\\cursoradapter-1.0.0-runtime.jar;C:\\Users\\arkad\\.gradle\\caches\\modules-2\\files-2.1\\androidx.resourceinspection\\resourceinspection-annotation\\1.0.1\\8c21f8ff5d96d5d52c948707f7e4d6ca6773feef\\resourceinspection-annotation-1.0.1.jar;C:\\Users\\arkad\\.gradle\\caches\\9.6.0\\transforms\\b0792f3accaa25ea372c5532a7b7205a\\transformed\\cardview-1.0.0-runtime.jar;C:\\Users\\arkad\\.gradle\\caches\\9.6.0\\transforms\\cda4bb450c552badfe76cbf283f0bd69\\transformed\\versionedparcelable-1.1.1-runtime.jar;C:\\Users\\arkad\\.gradle\\caches\\modules-2\\files-2.1\\androidx.collection\\collection\\1.1.0\\1f27220b47669781457de0d600849a5de0e89909\\collection-1.1.0.jar;C:\\Users\\arkad\\.gradle\\caches\\9.6.0\\transforms\\d32dc91f95cee6546730f022f590b08a\\transformed\\interpolator-1.0.0-runtime.jar;C:\\Users\\arkad\\.gradle\\caches\\9.6.0\\transforms\\432c41b6a6b3933ed746fd1cf0a33715\\transformed\\profileinstaller-1.3.0-runtime.jar;C:\\Users\\arkad\\.gradle\\caches\\9.6.0\\transforms\\31a7cdb8766087c734bfe303aae98fa9\\transformed\\startup-runtime-1.1.1-runtime.jar;C:\\Users\\arkad\\.gradle\\caches\\9.6.0\\transforms\\4a1ed76f0f45c76a24cd0c06082378b7\\transformed\\tracing-1.0.0-runtime.jar;C:\\Users\\arkad\\.gradle\\caches\\9.6.0\\transforms\\ae3fd933bd22261482094dd14e6abeee\\transformed\\core-runtime-2.2.0-runtime.jar;C:\\Users\\arkad\\.gradle\\caches\\modules-2\\files-2.1\\androidx.arch.core\\core-common\\2.2.0\\5e1b8b81dfd5f52c56a8d53b18ca759c19a301f3\\core-common-2.2.0.jar;C:\\Users\\arkad\\.gradle\\caches\\modules-2\\files-2.1\\androidx.concurrent\\concurrent-futures\\1.1.0\\50b7fb98350d5f42a4e49704b03278542293ba48\\concurrent-futures-1.1.0.jar;C:\\Users\\arkad\\.gradle\\caches\\9.6.0\\transforms\\8b0756d7db1aa3c85f21bd2ec54523ac\\transformed\\documentfile-1.0.0-runtime.jar;C:\\Users\\arkad\\.gradle\\caches\\9.6.0\\transforms\\bb09c264da6aeb76b9f5d70c5ef813e4\\transformed\\localbroadcastmanager-1.0.0-runtime.jar;C:\\Users\\arkad\\.gradle\\caches\\9.6.0\\transforms\\27c2c1f8e9ff5334b3ed75c979ea9947\\transformed\\print-1.0.0-runtime.jar;C:\\Users\\arkad\\.gradle\\caches\\modules-2\\files-2.1\\androidx.annotation\\annotation-jvm\\1.8.1\\b8a16fe526014b7941c1debaccaf9c5153692dbb\\annotation-jvm-1.8.1.jar;C:\\Users\\arkad\\.gradle\\caches\\modules-2\\files-2.1\\org.jetbrains.kotlinx\\kotlinx-coroutines-core-jvm\\1.6.4\\2c997cd1c0ef33f3e751d3831929aeff1390cb30\\kotlinx-coroutines-core-jvm-1.6.4.jar;C:\\Users\\arkad\\.gradle\\caches\\modules-2\\files-2.1\\org.jetbrains.kotlinx\\kotlinx-coroutines-android\\1.6.4\\f955fc8b2ad196e2f4429598440e15f7492eeb2b\\kotlinx-coroutines-android-1.6.4.jar;C:\\Users\\arkad\\.gradle\\caches\\modules-2\\files-2.1\\org.jetbrains.kotlin\\kotlin-stdlib-jdk8\\1.8.22\\b25c86d47d6b962b9cf0f8c3f320c8a10eea3dd1\\kotlin-stdlib-jdk8-1.8.22.jar;C:\\Users\\arkad\\.gradle\\caches\\modules-2\\files-2.1\\org.jetbrains.kotlin\\kotlin-stdlib-jdk7\\1.8.22\\4dabb8248310d833bb6a8b516024a91fd3d275c\\kotlin-stdlib-jdk7-1.8.22.jar;C:\\Users\\arkad\\.gradle\\caches\\modules-2\\files-2.1\\org.jetbrains.kotlin\\kotlin-stdlib\\2.2.10\\30de6faa127a4a012db8e71bf1b9c0a99b1402b2\\kotlin-stdlib-2.2.10.jar;C:\\Users\\arkad\\.gradle\\caches\\modules-2\\files-2.1\\org.hamcrest\\hamcrest-core\\1.3\\42a25dc3219429f0e5d060061f71acb49bf010a0\\hamcrest-core-1.3.jar;C:\\Users\\arkad\\.gradle\\caches\\modules-2\\files-2.1\\org.jetbrains\\annotations\\13.0\\919f0dfe192fb4e063e7dacadee7f8bb9a2672a9\\annotations-13.0.jar;C:\\Users\\arkad\\.gradle\\caches\\modules-2\\files-2.1\\com.google.errorprone\\error_prone_annotations\\2.15.0\\38c8485a652f808c8c149150da4e5c2b0bd17f9a\\error_prone_annotations-2.15.0.jar;C:\\Users\\arkad\\.gradle\\caches\\modules-2\\files-2.1\\androidx.constraintlayout\\constraintlayout-solver\\2.0.1\\30988fe2d77f3fe3bf7551bb8a8b795fad7e7226\\constraintlayout-solver-2.0.1.jar;C:\\Users\\arkad\\.gradle\\caches\\modules-2\\files-2.1\\com.google.guava\\listenablefuture\\1.0\\c949a840a6acbc5268d088e47b04177bf90b3cad\\listenablefuture-1.0.jar;D:\\SIH2026_1\\app\\build\\intermediates\\java_res\\debug\\processDebugJavaRes\\out;C:\\Users\\arkad\\.gradle\\caches\\9.6.0\\transforms\\cbf9aad31240d1511b4b250e307578ce\\transformed\\material-1.10.0\\jars\\classes.jar;C:\\Users\\arkad\\.gradle\\caches\\9.6.0\\transforms\\7290546cac7f3da595344a413becf1b5\\transformed\\appcompat-resources-1.6.1\\jars\\classes.jar;C:\\Users\\arkad\\.gradle\\caches\\9.6.0\\transforms\\f1226f690b5182946c3aea91693ec707\\transformed\\constraintlayout-2.0.1\\jars\\classes.jar;C:\\Users\\arkad\\.gradle\\caches\\9.6.0\\transforms\\ab5339cabe2a08a06e1166c0e21098b3\\transformed\\appcompat-1.6.1\\jars\\classes.jar;C:\\Users\\arkad\\.gradle\\caches\\9.6.0\\transforms\\564e6fcdd8d9a762a017ffe99efde7ec\\transformed\\webkit-1.12.1\\jars\\classes.jar;C:\\Users\\arkad\\.gradle\\caches\\9.6.0\\transforms\\220e0a6c51d3144cee67ecc1cc4c4fd8\\transformed\\emoji2-views-helper-1.2.0\\jars\\classes.jar;C:\\Users\\arkad\\.gradle\\caches\\9.6.0\\transforms\\c2240ed46d1ed3df7257e43ffb30112f\\transformed\\emoji2-1.2.0\\jars\\classes.jar;C:\\Users\\arkad\\.gradle\\caches\\9.6.0\\transforms\\c2240ed46d1ed3df7257e43ffb30112f\\transformed\\emoji2-1.2.0\\jars\\libs\\repackaged.jar;C:\\Users\\arkad\\.gradle\\caches\\9.6.0\\transforms\\28432cb6705a0d1460b553cd1cb7efe6\\transformed\\viewpager2-1.0.0\\jars\\classes.jar;C:\\Users\\arkad\\.gradle\\caches\\9.6.0\\transforms\\e612aea50672cf73fbf0de55ce5b4428\\transformed\\fragment-1.3.6\\jars\\classes.jar;C:\\Users\\arkad\\.gradle\\caches\\9.6.0\\transforms\\c7b793faf98794272bd76b5d81879ff8\\transformed\\activity-1.8.0\\jars\\classes.jar;C:\\Users\\arkad\\.gradle\\caches\\9.6.0\\transforms\\78c25a3ec495ac22b1d6dcdc88883147\\transformed\\drawerlayout-1.1.1\\jars\\classes.jar;C:\\Users\\arkad\\.gradle\\caches\\9.6.0\\transforms\\0ce5dcc0b907d5fd751c215ccd33527d\\transformed\\coordinatorlayout-1.1.0\\jars\\classes.jar;C:\\Users\\arkad\\.gradle\\caches\\9.6.0\\transforms\\80ada6014640af43775357bab5b3f759\\transformed\\dynamicanimation-1.0.0\\jars\\classes.jar;C:\\Users\\arkad\\.gradle\\caches\\9.6.0\\transforms\\3adad38dc24b71ff872d4e853d2453d7\\transformed\\transition-1.2.0\\jars\\classes.jar;C:\\Users\\arkad\\.gradle\\caches\\9.6.0\\transforms\\c86eb72f5a076faaba2231f8ca4b34e4\\transformed\\vectordrawable-animated-1.1.0\\jars\\classes.jar;C:\\Users\\arkad\\.gradle\\caches\\9.6.0\\transforms\\fc7595d6be6630c883e7b0a4d723c46f\\transformed\\vectordrawable-1.1.0\\jars\\classes.jar;C:\\Users\\arkad\\.gradle\\caches\\9.6.0\\transforms\\620d873bff0268a8790e7d39d938f951\\transformed\\viewpager-1.0.0\\jars\\classes.jar;C:\\Users\\arkad\\.gradle\\caches\\9.6.0\\transforms\\a7fb18d7dd42eb2e36a7072d7d651527\\transformed\\legacy-support-core-utils-1.0.0\\jars\\classes.jar;C:\\Users\\arkad\\.gradle\\caches\\9.6.0\\transforms\\e2c172b561ee0f8d5f5a57d69e2642ce\\transformed\\loader-1.0.0\\jars\\classes.jar;C:\\Users\\arkad\\.gradle\\caches\\9.6.0\\transforms\\bdaa77cc025a755e71e2e3f8933d4b62\\transformed\\recyclerview-1.1.0\\jars\\classes.jar;C:\\Users\\arkad\\.gradle\\caches\\9.6.0\\transforms\\6458c44f16f3784a7a5bac1e1e1a4eb1\\transformed\\customview-1.1.0\\jars\\classes.jar;C:\\Users\\arkad\\.gradle\\caches\\9.6.0\\transforms\\6f55fc5f854e1921e5064b6f391f0924\\transformed\\core-1.10.1\\jars\\classes.jar;C:\\Users\\arkad\\.gradle\\caches\\9.6.0\\transforms\\09109f41c96d6d67460ba0e8ac9be0f5\\transformed\\savedstate-1.2.1\\jars\\classes.jar;C:\\Users\\arkad\\.gradle\\caches\\9.6.0\\transforms\\bb5c384ecbbdf6a40b39151a29b34ba8\\transformed\\lifecycle-process-2.6.1\\jars\\classes.jar;C:\\Users\\arkad\\.gradle\\caches\\9.6.0\\transforms\\a62c185aec600f43a6744cb6754a185e\\transformed\\lifecycle-livedata-core-2.6.1\\jars\\classes.jar;C:\\Users\\arkad\\.gradle\\caches\\9.6.0\\transforms\\0d510f8823be0a5758bf1a1525f5cec2\\transformed\\lifecycle-livedata-2.6.1\\jars\\classes.jar;C:\\Users\\arkad\\.gradle\\caches\\9.6.0\\transforms\\19b7b248b85c80e27a9d40217ff1bbd1\\transformed\\lifecycle-viewmodel-2.6.1\\jars\\classes.jar;C:\\Users\\arkad\\.gradle\\caches\\9.6.0\\transforms\\5c5f2da6386beeb29c57ad69661d4f00\\transformed\\lifecycle-runtime-2.6.1\\jars\\classes.jar;C:\\Users\\arkad\\.gradle\\caches\\9.6.0\\transforms\\1aa51b7dabc424faf8a2aee8fa4f0a33\\transformed\\lifecycle-viewmodel-savedstate-2.6.1\\jars\\classes.jar;C:\\Users\\arkad\\.gradle\\caches\\9.6.0\\transforms\\e114398e875976d107f6c9d495cb6f4b\\transformed\\core-ktx-1.10.1\\jars\\classes.jar;C:\\Users\\arkad\\.gradle\\caches\\9.6.0\\transforms\\ececd9f25cb7de5dec743790663d70ad\\transformed\\annotation-experimental-1.4.1\\jars\\classes.jar;C:\\Users\\arkad\\.gradle\\caches\\9.6.0\\transforms\\4b402c1579dc6a99afa7eb768c597a47\\transformed\\cursoradapter-1.0.0\\jars\\classes.jar;C:\\Users\\arkad\\.gradle\\caches\\9.6.0\\transforms\\f7fe13400598899ba396a49581daf4c3\\transformed\\cardview-1.0.0\\jars\\classes.jar;C:\\Users\\arkad\\.gradle\\caches\\9.6.0\\transforms\\e1199580a28fe124594f132afc0239ab\\transformed\\versionedparcelable-1.1.1\\jars\\classes.jar;C:\\Users\\arkad\\.gradle\\caches\\9.6.0\\transforms\\0a01f868439ffdd385da43d2208cda0b\\transformed\\interpolator-1.0.0\\jars\\classes.jar;C:\\Users\\arkad\\.gradle\\caches\\9.6.0\\transforms\\0dc71a063b881b77c71aabb06bcecebd\\transformed\\profileinstaller-1.3.0\\jars\\classes.jar;C:\\Users\\arkad\\.gradle\\caches\\9.6.0\\transforms\\41350d2aad0daac0ce2e9c64ceb93b49\\transformed\\startup-runtime-1.1.1\\jars\\classes.jar;C:\\Users\\arkad\\.gradle\\caches\\9.6.0\\transforms\\5fbfd52daabe035097a4cd8797093239\\transformed\\tracing-1.0.0\\jars\\classes.jar;C:\\Users\\arkad\\.gradle\\caches\\9.6.0\\transforms\\4670c8faf96940f7a8b767ce7fd60f65\\transformed\\core-runtime-2.2.0\\jars\\classes.jar;C:\\Users\\arkad\\.gradle\\caches\\9.6.0\\transforms\\b67c5674f998f9a8cf0af094a08da056\\transformed\\documentfile-1.0.0\\jars\\classes.jar;C:\\Users\\arkad\\.gradle\\caches\\9.6.0\\transforms\\e45d480427c60069edc230e746b92b9d\\transformed\\localbroadcastmanager-1.0.0\\jars\\classes.jar;C:\\Users\\arkad\\.gradle\\caches\\9.6.0\\transforms\\f1a97a25bb228a704d4debacaf29b43f\\transformed\\print-1.0.0\\jars\\classes.jar;D:\\SIH2026_1\\app\\build\\intermediates\\compile_and_runtime_r_class_jar\\debug\\processDebugResources\\R.jar;C:\\Users\\arkad\\.gradle\\caches\\9.6.0\\transforms\\4d5f736651d802534a3bd996f977f42c\\transformed\\android.jar
Launcher Type: SUN_STANDARD

[Global flags]
     intx CICompilerCount                          = 12                                        {product} {ergonomic}
     uint ConcGCThreads                            = 3                                         {product} {ergonomic}
     uint G1ConcRefinementThreads                  = 13                                        {product} {ergonomic}
   size_t G1HeapRegionSize                         = 1048576                                   {product} {ergonomic}
   size_t InitialHeapSize                          = 255852544                                 {product} {ergonomic}
   size_t MarkStackSize                            = 4194304                                   {product} {ergonomic}
   size_t MarkStackSizeMax                         = 536870912                                 {product} {ergonomic}
   size_t MaxHeapSize                              = 536870912                                 {product} {command line}
   size_t MaxNewSize                               = 321912832                                 {product} {ergonomic}
   size_t MinHeapDeltaBytes                        = 1048576                                   {product} {ergonomic}
   size_t MinHeapSize                              = 8388608                                   {product} {ergonomic}
    uintx NonNMethodCodeHeapSize                   = 7667712                                {pd product} {ergonomic}
    uintx NonProfiledCodeHeapSize                  = 122028032                              {pd product} {ergonomic}
    uintx ProfiledCodeHeapSize                     = 122028032                              {pd product} {ergonomic}
    uintx ReservedCodeCacheSize                    = 251723776                              {pd product} {ergonomic}
     bool SegmentedCodeCache                       = true                                      {product} {ergonomic}
   size_t SoftMaxHeapSize                          = 536870912                              {manageable} {ergonomic}
     bool UseCompressedOops                        = true                           {product lp64_product} {ergonomic}
     bool UseG1GC                                  = true                                      {product} {ergonomic}
     bool UseLargePagesIndividualAllocation        = false                                  {pd product} {ergonomic}

Logging:
Log output configuration:
 #0: stdout all=warning uptime,level,tags foldmultilines=false
 #1: stderr all=off uptime,level,tags foldmultilines=false

Release file:
JAVA_VERSION="25.0.3" 
MODULES="java.base java.compiler java.datatransfer java.xml java.prefs java.desktop java.instrument java.logging java.management java.security.sasl java.naming java.rmi java.management.rmi java.net.http java.scripting java.security.jgss java.transaction.xa java.sql java.sql.rowset java.xml.crypto java.se java.smartcardio jdk.accessibility jdk.internal.jvmstat jdk.attach jdk.charsets jdk.internal.opt jdk.zipfs jdk.compiler jdk.crypto.cryptoki jdk.crypto.ec jdk.dynalink jdk.hotspot.agent jdk.httpserver jdk.internal.ed jdk.internal.le jdk.internal.md jdk.internal.vm.ci jdk.jartool jdk.javadoc jdk.jcmd jdk.jdeps jdk.jdwp.agent jdk.jdi jdk.jfr jdk.jlink jdk.localedata jdk.management jdk.management.agent jdk.management.jfr jdk.naming.dns jdk.naming.rmi jdk.net jdk.sctp jdk.security.auth jdk.security.jgss jdk.unsupported jdk.unsupported.desktop jdk.xml.dom" 
IMPLEMENTOR="JetBrains s.r.o." 
JAVA_RUNTIME_VERSION="25.0.3+-15898627-b508.16" 
LIBC="default" 
OS_ARCH="x86_64" 
OS_NAME="Windows" 
SOURCE=".:git:a8b1dba3234f" 

Environment Variables:
PATH=C:\Python314\Scripts\;C:\Python314\;C:\Python313\Scripts\;C:\Python313\;C:\WINDOWS\system32;C:\WINDOWS;C:\WINDOWS\System32\Wbem;C:\WINDOWS\System32\WindowsPowerShell\v1.0\;C:\WINDOWS\System32\OpenSSH\;C:\MinGW\bin;C:\Program Files\NVIDIA Corporation\NVIDIA App\NvDLISR;C:\Program Files (x86)\NVIDIA Corporation\PhysX\Common;C:\Program Files\dotnet\;C:\Program Files\nodejs\;C:\Program Files (x86)\Windows Kits\10\Windows Performance Toolkit\;C:\Users\arkad\AppData\Local\UniGetUI\Chocolatey\bin;C:\Users\arkad\AppData\Local\Microsoft\WindowsApps;C:\Users\arkad\AppData\Local\GitHubDesktop\bin;C:\Users\arkad\AppData\Local\JetBrains\Toolbox\scripts;D:\Programs\Jetbrains\IntelliJ IDEA 2025.2\bin;D:\Programs\Jetbrains\CLion 2025.2\bin;D:\Programs\Jetbrains\PyCharm 2025.2\bin;C:\Users\arkad\AppData\Local\Programs\Microsoft VS Code\bin;C:\Exercism;C:\Users\arkad\AppData\Local\Programs\Hyper\resources\bin;C:\Users\arkad\Ap;C:\WINDOWS\system32;C:\WINDOWS;C:\WINDOWS\System32\Wbem;C:\WINDOWS\System32\WindowsPowerShell\v1.0\;C:\WINDOWS\System32\OpenSSH\;C:\Program Files\Git\cmd;C:\Program Files\Common Files\Oracle\Java\javapath;C:\Users\arkad\AppData\Roaming\npm;C:\Users\arkad\AppData\Local\Microsoft\WinGet\Packages\DenoLand.Deno_Microsoft.Winget.Source_8wekyb3d8bbwe;C:\Users\arkad\AppData\Local\Microsoft\WinGet\Packages\yt-dlp.FFmpeg_Microsoft.Winget.Source_8wekyb3d8bbwe\ffmpeg-N-121583-g4348bde2d2-win64-gpl/bin;D:\Code\flutter\binD:\Code\flutter\bin;C:\Users\arkad\AppData\Local\Microsoft\WinGet\Links;C:\Users\arkad\AppData\Local\Microsoft\WinGet\Packages\ch.LosslessCut_Microsoft.Winget.Source_8wekyb3d8bbwe;C:\program files (x86)\steam\ext\bin;C:\Users\arkad\AppData\Local\PowerToys\DSCModules\;C:\Users\arkad\AppData\Local\PowerToys\bin\
USERNAME=arkad
OS=Windows_NT
PROCESSOR_IDENTIFIER=AMD64 Family 25 Model 68 Stepping 1, AuthenticAMD
TMP=C:\Users\arkad\AppData\Local\Temp
TEMP=C:\Users\arkad\AppData\Local\Temp




Compilation memory statistics disabled.

Periodic native trim disabled

JNI global refs:
JNI global refs: 20, weak refs: 0

JNI global refs memory usage: 835, weak refs: 833

Process memory usage:
Resident Set Size: 59988K (0% of 15985568K total physical memory with 3879008K free physical memory)

OOME stack traces (most recent first):
Classloader memory used:
Loader bootstrap                                                                       : 9221 K
Loader java.net.URLClassLoader                                                         : 475 K
Loader jdk.internal.loader.ClassLoaders$AppClassLoader                                 : 86016 B

---------------  S Y S T E M  ---------------

OS:
 Windows 11 , 64 bit Build 28000 (10.0.28000.3002)
OS uptime: 0 days 0:32 hours
Hyper-V role detected

CPU: total 16 (initial active 16) (16 cores per cpu, 2 threads per core) family 25 model 68 stepping 1 microcode 0xa404107, cx8, cmov, fxsr, ht, mmx, 3dnowpref, sse, sse2, sse3, ssse3, sse4a, sse4.1, sse4.2, popcnt, lzcnt, tsc, tscinvbit, avx, avx2, aes, erms, clmul, bmi1, bmi2, adx, sha, fma, vzeroupper, clflush, clflushopt, clwb, hv, rdtscp, rdpid, fsrm, f16c, cet_ss
Processor Information for the first 16 processors :
  Max Mhz: 3201, Current Mhz: 3201, Mhz Limit: 3201

Memory: 4k page, system-wide physical 15610M (3788M free)
TotalPageFile size 19706M (AvailPageFile size 2M)
current process WorkingSet (physical memory assigned to process): 58M, peak: 58M
current process commit charge ("private bytes"): 346M, peak: 347M

vm_info: OpenJDK 64-Bit Server VM (25.0.3+-15898627-b508.16) for windows-amd64 JRE (25.0.3+-15898627-b508.16), built on 2026-07-20T17:54:23Z with MS VC++ 16.10 / 16.11 (VS2019)

END.
